Archive member included to satisfy reference by file (symbol)

/opt/st/stm32cubeide_1.15.1/plugins/com.st.stm32cube.ide.mcu.externaltools.gnu-tools-for-stm32.12.3.rel1.linux64_1.0.100.202403111256/tools/bin/../lib/gcc/arm-none-eabi/12.3.1/../../../../arm-none-eabi/lib/thumb/v7-m/nofp/libc_nano.a(libc_a-exit.o)
                              /opt/st/stm32cubeide_1.15.1/plugins/com.st.stm32cube.ide.mcu.externaltools.gnu-tools-for-stm32.12.3.rel1.linux64_1.0.100.202403111256/tools/bin/../lib/gcc/arm-none-eabi/12.3.1/../../../../arm-none-eabi/lib/thumb/v7-m/nofp/crt0.o (exit)
/opt/st/stm32cubeide_1.15.1/plugins/com.st.stm32cube.ide.mcu.externaltools.gnu-tools-for-stm32.12.3.rel1.linux64_1.0.100.202403111256/tools/bin/../lib/gcc/arm-none-eabi/12.3.1/../../../../arm-none-eabi/lib/thumb/v7-m/nofp/libc_nano.a(libc_a-findfp.o)
                              /opt/st/stm32cubeide_1.15.1/plugins/com.st.stm32cube.ide.mcu.externaltools.gnu-tools-for-stm32.12.3.rel1.linux64_1.0.100.202403111256/tools/bin/../lib/gcc/arm-none-eabi/12.3.1/../../../../arm-none-eabi/lib/thumb/v7-m/nofp/libc_nano.a(libc_a-exit.o) (__stdio_exit_handler)
/opt/st/stm32cubeide_1.15.1/plugins/com.st.stm32cube.ide.mcu.externaltools.gnu-tools-for-stm32.12.3.rel1.linux64_1.0.100.202403111256/tools/bin/../lib/gcc/arm-none-eabi/12.3.1/../../../../arm-none-eabi/lib/thumb/v7-m/nofp/libc_nano.a(libc_a-fwalk.o)
                              /opt/st/stm32cubeide_1.15.1/plugins/com.st.stm32cube.ide.mcu.externaltools.gnu-tools-for-stm32.12.3.rel1.linux64_1.0.100.202403111256/tools/bin/../lib/gcc/arm-none-eabi/12.3.1/../../../../arm-none-eabi/lib/thumb/v7-m/nofp/libc_nano.a(libc_a-findfp.o) (_fwalk_sglue)
/opt/st/stm32cubeide_1.15.1/plugins/com.st.stm32cube.ide.mcu.externaltools.gnu-tools-for-stm32.12.3.rel1.linux64_1.0.100.202403111256/tools/bin/../lib/gcc/arm-none-eabi/12.3.1/../../../../arm-none-eabi/lib/thumb/v7-m/nofp/libc_nano.a(libc_a-stdio.o)
                              /opt/st/stm32cubeide_1.15.1/plugins/com.st.stm32cube.ide.mcu.externaltools.gnu-tools-for-stm32.12.3.rel1.linux64_1.0.100.202403111256/tools/bin/../lib/gcc/arm-none-eabi/12.3.1/../../../../arm-none-eabi/lib/thumb/v7-m/nofp/libc_nano.a(libc_a-findfp.o) (__sread)
/opt/st/stm32cubeide_1.15.1/plugins/com.st.stm32cube.ide.mcu.externaltools.gnu-tools-for-stm32.12.3.rel1.linux64_1.0.100.202403111256/tools/bin/../lib/gcc/arm-none-eabi/12.3.1/../../../../arm-none-eabi/lib/thumb/v7-m/nofp/libc_nano.a(libc_a-memset.o)
                              /opt/st/stm32cubeide_1.15.1/plugins/com.st.stm32cube.ide.mcu.externaltools.gnu-tools-for-stm32.12.3.rel1.linux64_1.0.100.202403111256/tools/bin/../lib/gcc/arm-none-eabi/12.3.1/../../../../arm-none-eabi/lib/thumb/v7-m/nofp/crt0.o (memset)
/opt/st/stm32cubeide_1.15.1/plugins/com.st.stm32cube.ide.mcu.externaltools.gnu-tools-for-stm32.12.3.rel1.linux64_1.0.100.202403111256/tools/bin/../lib/gcc/arm-none-eabi/12.3.1/../../../../arm-none-eabi/lib/thumb/v7-m/nofp/libc_nano.a(libc_a-closer.o)
                              /opt/st/stm32cubeide_1.15.1/plugins/com.st.stm32cube.ide.mcu.externaltools.gnu-tools-for-stm32.12.3.rel1.linux64_1.0.100.202403111256/tools/bin/../lib/gcc/arm-none-eabi/12.3.1/../../../../arm-none-eabi/lib/thumb/v7-m/nofp/libc_nano.a(libc_a-stdio.o) (_close_r)
/opt/st/stm32cubeide_1.15.1/plugins/com.st.stm32cube.ide.mcu.externaltools.gnu-tools-for-stm32.12.3.rel1.linux64_1.0.100.202403111256/tools/bin/../lib/gcc/arm-none-eabi/12.3.1/../../../../arm-none-eabi/lib/thumb/v7-m/nofp/libc_nano.a(libc_a-reent.o)
                              /opt/st/stm32cubeide_1.15.1/plugins/com.st.stm32cube.ide.mcu.externaltools.gnu-tools-for-stm32.12.3.rel1.linux64_1.0.100.202403111256/tools/bin/../lib/gcc/arm-none-eabi/12.3.1/../../../../arm-none-eabi/lib/thumb/v7-m/nofp/libc_nano.a(libc_a-closer.o) (errno)
/opt/st/stm32cubeide_1.15.1/plugins/com.st.stm32cube.ide.mcu.externaltools.gnu-tools-for-stm32.12.3.rel1.linux64_1.0.100.202403111256/tools/bin/../lib/gcc/arm-none-eabi/12.3.1/../../../../arm-none-eabi/lib/thumb/v7-m/nofp/libc_nano.a(libc_a-impure.o)
                              /opt/st/stm32cubeide_1.15.1/plugins/com.st.stm32cube.ide.mcu.externaltools.gnu-tools-for-stm32.12.3.rel1.linux64_1.0.100.202403111256/tools/bin/../lib/gcc/arm-none-eabi/12.3.1/../../../../arm-none-eabi/lib/thumb/v7-m/nofp/libc_nano.a(libc_a-reent.o) (_impure_ptr)
/opt/st/stm32cubeide_1.15.1/plugins/com.st.stm32cube.ide.mcu.externaltools.gnu-tools-for-stm32.12.3.rel1.linux64_1.0.100.202403111256/tools/bin/../lib/gcc/arm-none-eabi/12.3.1/../../../../arm-none-eabi/lib/thumb/v7-m/nofp/libc_nano.a(libc_a-lseekr.o)
                              /opt/st/stm32cubeide_1.15.1/plugins/com.st.stm32cube.ide.mcu.externaltools.gnu-tools-for-stm32.12.3.rel1.linux64_1.0.100.202403111256/tools/bin/../lib/gcc/arm-none-eabi/12.3.1/../../../../arm-none-eabi/lib/thumb/v7-m/nofp/libc_nano.a(libc_a-stdio.o) (_lseek_r)
[...]
Memory Configuration

Name             Origin             Length             Attributes
RAM              0x20000000         0x00005000         xrw
FLASH            0x08000000         0x00010000         xr
*default*        0x00000000         0xffffffff

Linker script and memory map

LOAD /opt/st/stm32cubeide_1.15.1/plugins/com.st.stm32cube.ide.mcu.externaltools.gnu-tools-for-stm32.12.3.rel1.linux64_1.0.100.202403111256/tools/bin/../lib/gcc/arm-none-eabi/12.3.1/thumb/v7-m/nofp/crti.o
LOAD /opt/st/stm32cubeide_1.15.1/plugins/com.st.stm32cube.ide.mcu.externaltools.gnu-tools-for-stm32.12.3.rel1.linux64_1.0.100.202403111256/tools/bin/../lib/gcc/arm-none-eabi/12.3.1/thumb/v7-m/nofp/crtbegin.o
LOAD /opt/st/stm32cubeide_1.15.1/plugins/com.st.stm32cube.ide.mcu.externaltools.gnu-tools-for-stm32.12.3.rel1.linux64_1.0.100.202403111256/tools/bin/../lib/gcc/arm-none-eabi/12.3.1/../../../../arm-none-eabi/lib/thumb/v7-m/nofp/crt0.o
LOAD ./Core/Src/main.o
LOAD ./Core/Src/stm32f1xx_hal_msp.o
LOAD ./Core/Src/stm32f1xx_it.o
LOAD ./Core/Src/syscalls.o
LOAD ./Core/Src/sysmem.o
LOAD ./Core/Src/system_stm32f1xx.o
LOAD ./Core/Startup/startup_stm32f103c8tx.o
LOAD ./Drivers/STM32F1xx_HAL_Driver/Src/stm32f1xx_hal.o
LOAD ./Drivers/STM32F1xx_HAL_Driver/Src/stm32f1xx_hal_cortex.o
LOAD ./Drivers/STM32F1xx_HAL_Driver/Src/stm32f1xx_hal_dma.o
LOAD ./Drivers/STM32F1xx_HAL_Driver/Src/stm32f1xx_hal_exti.o
LOAD ./Drivers/STM32F1xx_HAL_Driver/Src/stm32f1xx_hal_flash.o
LOAD ./Drivers/STM32F1xx_HAL_Driver/Src/stm32f1xx_hal_flash_ex.o
LOAD ./Drivers/STM32F1xx_HAL_Driver/Src/stm32f1xx_hal_gpio.o
LOAD ./Drivers/STM32F1xx_HAL_Driver/Src/stm32f1xx_hal_gpio_ex.o
LOAD ./Drivers/STM32F1xx_HAL_Driver/Src/stm32f1xx_hal_pcd.o
LOAD ./Drivers/STM32F1xx_HAL_Driver/Src/stm32f1xx_hal_pcd_ex.o
LOAD ./Drivers/STM32F1xx_HAL_Driver/Src/stm32f1xx_hal_pwr.o
LOAD ./Drivers/STM32F1xx_HAL_Driver/Src/stm32f1xx_hal_rcc.o
LOAD ./Drivers/STM32F1xx_HAL_Driver/Src/stm32f1xx_hal_rcc_ex.o
LOAD ./Drivers/STM32F1xx_HAL_Driver/Src/stm32f1xx_hal_tim.o
LOAD ./Drivers/STM32F1xx_HAL_Driver/Src/stm32f1xx_hal_tim_ex.o
LOAD ./Drivers/STM32F1xx_HAL_Driver/Src/stm32f1xx_ll_usb.o
LOAD ./Middlewares/ST/STM32_USB_Device_Library/Class/HID/Src/usbd_hid.o
LOAD ./Middlewares/ST/STM32_USB_Device_Library/Core/Src/usbd_core.o
LOAD ./Middlewares/ST/STM32_USB_Device_Library/Core/Src/usbd_ctlreq.o
LOAD ./Middlewares/ST/STM32_USB_Device_Library/Core/Src/usbd_ioreq.o
LOAD ./USB_DEVICE/App/usb_device.o
LOAD ./USB_DEVICE/App/usbd_desc.o
LOAD ./USB_DEVICE/Target/usbd_conf.o
START GROUP
LOAD /opt/st/stm32cubeide_1.15.1/plugins/com.st.stm32cube.ide.mcu.externaltools.gnu-tools-for-stm32.12.3.rel1.linux64_1.0.100.202403111256/tools/bin/../lib/gcc/arm-none-eabi/12.3.1/../../../../arm-none-eabi/lib/thumb/v7-m/nofp/libc_nano.a
LOAD /opt/st/stm32cubeide_1.15.1/plugins/com.st.stm32cube.ide.mcu.externaltools.gnu-tools-for-stm32.12.3.rel1.linux64_1.0.100.202403111256/tools/bin/../lib/gcc/arm-none-eabi/12.3.1/../../../../arm-none-eabi/lib/thumb/v7-m/nofp/libm.a
END GROUP
START GROUP
LOAD /opt/st/stm32cubeide_1.15.1/plugins/com.st.stm32cube.ide.mcu.externaltools.gnu-tools-for-stm32.12.3.rel1.linux64_1.0.100.202403111256/tools/bin/../lib/gcc/arm-none-eabi/12.3.1/thumb/v7-m/nofp/libgcc.a
LOAD /opt/st/stm32cubeide_1.15.1/plugins/com.st.stm32cube.ide.mcu.externaltools.gnu-tools-for-stm32.12.3.rel1.linux64_1.0.100.202403111256/tools/bin/../lib/gcc/arm-none-eabi/12.3.1/../../../../arm-none-eabi/lib/thumb/v7-m/nofp/libc_nano.a
END GROUP
START GROUP
LOAD /opt/st/stm32cubeide_1.15.1/plugins/com.st.stm32cube.ide.mcu.externaltools.gnu-tools-for-stm32.12.3.rel1.linux64_1.0.100.202403111256/tools/bin/../lib/gcc/arm-none-eabi/12.3.1/thumb/v7-m/nofp/libgcc.a
LOAD /opt/st/stm32cubeide_1.15.1/plugins/com.st.stm32cube.ide.mcu.externaltools.gnu-tools-for-stm32.12.3.rel1.linux64_1.0.100.202403111256/tools/bin/../lib/gcc/arm-none-eabi/12.3.1/../../../../arm-none-eabi/lib/thumb/v7-m/nofp/libc_nano.a
LOAD /opt/st/stm32cubeide_1.15.1/plugins/com.st.stm32cube.ide.mcu.externaltools.gnu-tools-for-stm32.12.3.rel1.linux64_1.0.100.202403111256/tools/bin/../lib/gcc/arm-none-eabi/12.3.1/../../../../arm-none-eabi/lib/thumb/v7-m/nofp/libnosys.a
END GROUP
START GROUP
LOAD /opt/st/stm32cubeide_1.15.1/plugins/com.st.stm32cube.ide.mcu.externaltools.gnu-tools-for-stm32.12.3.rel1.linux64_1.0.100.202403111256/tools/bin/../lib/gcc/arm-none-eabi/12.3.1/thumb/v7-m/nofp/libgcc.a
LOAD /opt/st/stm32cubeide_1.15.1/plugins/com.st.stm32cube.ide.mcu.externaltools.gnu-tools-for-stm32.12.3.rel1.linux64_1.0.100.202403111256/tools/bin/../lib/gcc/arm-none-eabi/12.3.1/../../../../arm-none-eabi/lib/thumb/v7-m/nofp/libc_nano.a
LOAD /opt/st/stm32cubeide_1.15.1/plugins/com.st.stm32cube.ide.mcu.externaltools.gnu-tools-for-stm32.12.3.rel1.linux64_1.0.100.202403111256/tools/bin/../lib/gcc/arm-none-eabi/12.3.1/../../../../arm-none-eabi/lib/thumb/v7-m/nofp/libnosys.a
END GROUP
LOAD /opt/st/stm32cubeide_1.15.1/plugins/com.st.stm32cube.ide.mcu.externaltools.gnu-tools-for-stm32.12.3.rel1.linux64_1.0.100.202403111256/tools/bin/../lib/gcc/arm-none-eabi/12.3.1/thumb/v7-m/nofp/crtend.o
LOAD /opt/st/stm32cubeide_1.15.1/plugins/com.st.stm32cube.ide.mcu.externaltools.gnu-tools-for-stm32.12.3.rel1.linux64_1.0.100.202403111256/tools/bin/../lib/gcc/arm-none-eabi/12.3.1/thumb/v7-m/nofp/crtn.o
                0x20005000                        _estack = (ORIGIN (RAM) + LENGTH (RAM))
                0x00000200                        _Min_Heap_Size = 0x200
                0x00000400                        _Min_Stack_Size = 0x400

.isr_vector     0x08000000      0x10c
                0x08000000                        . = ALIGN (0x4)
 *(.isr_vector)
 .isr_vector    0x08000000      0x10c ./Core/Startup/startup_stm32f103c8tx.o
                0x08000000                g_pfnVectors
                0x0800010c                        . = ALIGN (0x4)

.text           0x0800010c     0x77cc
                0x0800010c                        . = ALIGN (0x4)
 *(.text)
 .text          0x0800010c       0x40 /opt/st/stm32cubeide_1.15.1/plugins/com.st.stm32cube.ide.mcu.externaltools.gnu-tools-for-stm32.12.3.rel1.linux64_1.0.100.202403111256/tools/bin/../lib/gcc/arm-none-eabi/12.3.1/thumb/v7-m/nofp/crtbegin.o
 *(.text*)
 .text.main     0x0800014c      0x6d4 ./Core/Src/main.o
                0x0800014c                main
 .text.SystemClock_Config
                0x08000820       0xb4 ./Core/Src/main.o
                0x08000820                SystemClock_Config
 .text.MX_GPIO_Init
                0x080008d4       0xd0 ./Core/Src/main.o
 .text.Error_Handler
                0x080009a4        0xc ./Core/Src/main.o
                0x080009a4                Error_Handler
 .text.HAL_MspInit
                0x080009b0       0x64 ./Core/Src/stm32f1xx_hal_msp.o
                0x080009b0                HAL_MspInit
 .text.NMI_Handler
                0x08000a14        0x8 ./Core/Src/stm32f1xx_it.o
                0x08000a14                NMI_Handler
 .text.HardFault_Handler
                0x08000a1c        0x8 ./Core/Src/stm32f1xx_it.o
                0x08000a1c                HardFault_Handler
 .text.MemManage_Handler
                0x08000a24        0x8 ./Core/Src/stm32f1xx_it.o
                0x08000a24                MemManage_Handler
 .text.BusFault_Handler
                0x08000a2c        0x8 ./Core/Src/stm32f1xx_it.o
                0x08000a2c                BusFault_Handler
 .text.UsageFault_Handler
                0x08000a34        0x8 ./Core/Src/stm32f1xx_it.o
                0x08000a34                UsageFault_Handler
 .text.SVC_Handler
                0x08000a3c        0xc ./Core/Src/stm32f1xx_it.o
                0x08000a3c                SVC_Handler
 .text.DebugMon_Handler
                0x08000a48        0xc ./Core/Src/stm32f1xx_it.o
                0x08000a48                DebugMon_Handler
 .text.PendSV_Handler
                0x08000a54        0xc ./Core/Src/stm32f1xx_it.o
                0x08000a54                PendSV_Handler
 .text.SysTick_Handler
                0x08000a60        0xc ./Core/Src/stm32f1xx_it.o
                0x08000a60                SysTick_Handler
 .text.USB_LP_CAN1_RX0_IRQHandler
                0x08000a6c       0x14 ./Core/Src/stm32f1xx_it.o
                0x08000a6c                USB_LP_CAN1_RX0_IRQHandler
 .text.SystemInit
                0x08000a80        0xc ./Core/Src/system_stm32f1xx.o
                0x08000a80                SystemInit
 .text.Reset_Handler
                0x08000a8c       0x48 ./Core/Startup/startup_stm32f103c8tx.o
                0x08000a8c                Reset_Handler
 .text.Default_Handler
                0x08000ad4        0x2 ./Core/Startup/startup_stm32f103c8tx.o
                0x08000ad4                RTC_Alarm_IRQHandler
                0x08000ad4                EXTI2_IRQHandler
                0x08000ad4                TIM1_CC_IRQHandler
                0x08000ad4                PVD_IRQHandler
                0x08000ad4                EXTI3_IRQHandler
                0x08000ad4                EXTI0_IRQHandler
                0x08000ad4                I2C2_EV_IRQHandler
                0x08000ad4                ADC1_2_IRQHandler
                0x08000ad4                SPI1_IRQHandler
                0x08000ad4                TAMPER_IRQHandler
                0x08000ad4                DMA1_Channel4_IRQHandler
                0x08000ad4                USART3_IRQHandler
                0x08000ad4                RTC_IRQHandler
                0x08000ad4                DMA1_Channel7_IRQHandler
                0x08000ad4                CAN1_RX1_IRQHandler
                0x08000ad4                TIM4_IRQHandler
                0x08000ad4                I2C1_EV_IRQHandler
                0x08000ad4                DMA1_Channel6_IRQHandler
                0x08000ad4                TIM3_IRQHandler
                0x08000ad4                RCC_IRQHandler
                0x08000ad4                TIM1_TRG_COM_IRQHandler
                0x08000ad4                DMA1_Channel1_IRQHandler
                0x08000ad4                Default_Handler
                0x08000ad4                EXTI15_10_IRQHandler
                0x08000ad4                EXTI9_5_IRQHandler
                0x08000ad4                SPI2_IRQHandler
                0x08000ad4                DMA1_Channel5_IRQHandler
                0x08000ad4                EXTI4_IRQHandler
                0x08000ad4                USB_HP_CAN1_TX_IRQHandler
                0x08000ad4                DMA1_Channel3_IRQHandler
                0x08000ad4                TIM1_UP_IRQHandler
                0x08000ad4                WWDG_IRQHandler
                0x08000ad4                TIM2_IRQHandler
                0x08000ad4                TIM1_BRK_IRQHandler
                0x08000ad4                EXTI1_IRQHandler
                0x08000ad4                USART2_IRQHandler
                0x08000ad4                I2C2_ER_IRQHandler
                0x08000ad4                DMA1_Channel2_IRQHandler
                0x08000ad4                CAN1_SCE_IRQHandler
                0x08000ad4                FLASH_IRQHandler
                0x08000ad4                USART1_IRQHandler
                0x08000ad4                I2C1_ER_IRQHandler
                0x08000ad4                USBWakeUp_IRQHandler
 *fill*         0x08000ad6        0x2 
 .text.HAL_Init
                0x08000ad8       0x2c ./Drivers/STM32F1xx_HAL_Driver/Src/stm32f1xx_hal.o
                0x08000ad8                HAL_Init
 .text.HAL_InitTick
                0x08000b04       0x60 ./Drivers/STM32F1xx_HAL_Driver/Src/stm32f1xx_hal.o
                0x08000b04                HAL_InitTick
 .text.HAL_IncTick
                0x08000b64       0x24 ./Drivers/STM32F1xx_HAL_Driver/Src/stm32f1xx_hal.o
                0x08000b64                HAL_IncTick
 .text.HAL_GetTick
                0x08000b88       0x14 ./Drivers/STM32F1xx_HAL_Driver/Src/stm32f1xx_hal.o
                0x08000b88                HAL_GetTick
 .text.HAL_Delay
                0x08000b9c       0x48 ./Drivers/STM32F1xx_HAL_Driver/Src/stm32f1xx_hal.o
                0x08000b9c                HAL_Delay
 .text.__NVIC_SetPriorityGrouping
                0x08000be4       0x48 ./Drivers/STM32F1xx_HAL_Driver/Src/stm32f1xx_hal_cortex.o
 .text.__NVIC_GetPriorityGrouping
                0x08000c2c       0x1c ./Drivers/STM32F1xx_HAL_Driver/Src/stm32f1xx_hal_cortex.o
 .text.__NVIC_EnableIRQ
                0x08000c48       0x38 ./Drivers/STM32F1xx_HAL_Driver/Src/stm32f1xx_hal_cortex.o
 .text.__NVIC_SetPriority
                0x08000c80       0x54 ./Drivers/STM32F1xx_HAL_Driver/Src/stm32f1xx_hal_cortex.o
 .text.NVIC_EncodePriority
                0x08000cd4       0x64 ./Drivers/STM32F1xx_HAL_Driver/Src/stm32f1xx_hal_cortex.o
 .text.SysTick_Config
                0x08000d38       0x44 ./Drivers/STM32F1xx_HAL_Driver/Src/stm32f1xx_hal_cortex.o
 .text.HAL_NVIC_SetPriorityGrouping
                0x08000d7c       0x16 ./Drivers/STM32F1xx_HAL_Driver/Src/stm32f1xx_hal_cortex.o
                0x08000d7c                HAL_NVIC_SetPriorityGrouping
 .text.HAL_NVIC_SetPriority
                0x08000d92       0x38 ./Drivers/STM32F1xx_HAL_Driver/Src/stm32f1xx_hal_cortex.o
                0x08000d92                HAL_NVIC_SetPriority
 .text.HAL_NVIC_EnableIRQ
                0x08000dca       0x1c ./Drivers/STM32F1xx_HAL_Driver/Src/stm32f1xx_hal_cortex.o
                0x08000dca                HAL_NVIC_EnableIRQ
 .text.HAL_SYSTICK_Config
                0x08000de6       0x18 ./Drivers/STM32F1xx_HAL_Driver/Src/stm32f1xx_hal_cortex.o
                0x08000de6                HAL_SYSTICK_Config
 *fill*         0x08000dfe        0x2 
 .text.HAL_GPIO_Init
                0x08000e00      0x308 ./Drivers/STM32F1xx_HAL_Driver/Src/stm32f1xx_hal_gpio.o
                0x08000e00                HAL_GPIO_Init
 .text.HAL_GPIO_ReadPin
                0x08001108       0x2e ./Drivers/STM32F1xx_HAL_Driver/Src/stm32f1xx_hal_gpio.o
                0x08001108                HAL_GPIO_ReadPin
 .text.HAL_GPIO_WritePin
                0x08001136       0x30 ./Drivers/STM32F1xx_HAL_Driver/Src/stm32f1xx_hal_gpio.o
                0x08001136                HAL_GPIO_WritePin
 .text.HAL_PCD_Init
                0x08001166      0x1fe ./Drivers/STM32F1xx_HAL_Driver/Src/stm32f1xx_hal_pcd.o
                0x08001166                HAL_PCD_Init
 .text.HAL_PCD_Start
                0x08001364       0x4c ./Drivers/STM32F1xx_HAL_Driver/Src/stm32f1xx_hal_pcd.o
                0x08001364                HAL_PCD_Start
 .text.HAL_PCD_IRQHandler
                0x080013b0      0x260 ./Drivers/STM32F1xx_HAL_Driver/Src/stm32f1xx_hal_pcd.o
                0x080013b0                HAL_PCD_IRQHandler
 .text.HAL_PCD_SetAddress
                0x08001610       0x4a ./Drivers/STM32F1xx_HAL_Driver/Src/stm32f1xx_hal_pcd.o
                0x08001610                HAL_PCD_SetAddress
 .text.HAL_PCD_EP_Open
                0x0800165a       0xba ./Drivers/STM32F1xx_HAL_Driver/Src/stm32f1xx_hal_pcd.o
                0x0800165a                HAL_PCD_EP_Open
 .text.HAL_PCD_EP_Close
                0x08001714       0x90 ./Drivers/STM32F1xx_HAL_Driver/Src/stm32f1xx_hal_pcd.o
                0x08001714                HAL_PCD_EP_Close
 .text.HAL_PCD_EP_Receive
                0x080017a4       0x62 ./Drivers/STM32F1xx_HAL_Driver/Src/stm32f1xx_hal_pcd.o
                0x080017a4                HAL_PCD_EP_Receive
 .text.HAL_PCD_EP_Transmit
                0x08001806       0x6e ./Drivers/STM32F1xx_HAL_Driver/Src/stm32f1xx_hal_pcd.o
                0x08001806                HAL_PCD_EP_Transmit
 .text.HAL_PCD_EP_SetStall
                0x08001874       0xc0 ./Drivers/STM32F1xx_HAL_Driver/Src/stm32f1xx_hal_pcd.o
                0x08001874                HAL_PCD_EP_SetStall
 .text.HAL_PCD_EP_ClrStall
                0x08001934       0xa8 ./Drivers/STM32F1xx_HAL_Driver/Src/stm32f1xx_hal_pcd.o
                0x08001934                HAL_PCD_EP_ClrStall
 .text.PCD_EP_ISR_Handler
                0x080019dc      0x7a4 ./Drivers/STM32F1xx_HAL_Driver/Src/stm32f1xx_hal_pcd.o
 .text.HAL_PCD_EP_DB_Receive
                0x08002180      0x21a ./Drivers/STM32F1xx_HAL_Driver/Src/stm32f1xx_hal_pcd.o
 .text.HAL_PCD_EP_DB_Transmit
                0x0800239a      0x7f4 ./Drivers/STM32F1xx_HAL_Driver/Src/stm32f1xx_hal_pcd.o
 .text.HAL_PCDEx_PMAConfig
                0x08002b8e       0x84 ./Drivers/STM32F1xx_HAL_Driver/Src/stm32f1xx_hal_pcd_ex.o
                0x08002b8e                HAL_PCDEx_PMAConfig
 *fill*         0x08002c12        0x2 
 .text.HAL_RCC_OscConfig
                0x08002c14      0x504 ./Drivers/STM32F1xx_HAL_Driver/Src/stm32f1xx_hal_rcc.o
                0x08002c14                HAL_RCC_OscConfig
 .text.HAL_RCC_ClockConfig
                0x08003118      0x1d4 ./Drivers/STM32F1xx_HAL_Driver/Src/stm32f1xx_hal_rcc.o
                0x08003118                HAL_RCC_ClockConfig
 .text.HAL_RCC_GetSysClockFreq
                0x080032ec       0xa8 ./Drivers/STM32F1xx_HAL_Driver/Src/stm32f1xx_hal_rcc.o
                0x080032ec                HAL_RCC_GetSysClockFreq
 .text.RCC_Delay
                0x08003394       0x3c ./Drivers/STM32F1xx_HAL_Driver/Src/stm32f1xx_hal_rcc.o
 .text.HAL_RCCEx_PeriphCLKConfig
                0x080033d0      0x16c ./Drivers/STM32F1xx_HAL_Driver/Src/stm32f1xx_hal_rcc_ex.o
                0x080033d0                HAL_RCCEx_PeriphCLKConfig
 .text.USB_CoreInit
                0x0800353c       0x20 ./Drivers/STM32F1xx_HAL_Driver/Src/stm32f1xx_ll_usb.o
                0x0800353c                USB_CoreInit
 .text.USB_EnableGlobalInt
                0x0800355c       0x2c ./Drivers/STM32F1xx_HAL_Driver/Src/stm32f1xx_ll_usb.o
                0x0800355c                USB_EnableGlobalInt
 .text.USB_DisableGlobalInt
                0x08003588       0x34 ./Drivers/STM32F1xx_HAL_Driver/Src/stm32f1xx_ll_usb.o
                0x08003588                USB_DisableGlobalInt
 .text.USB_SetCurrentMode
                0x080035bc       0x18 ./Drivers/STM32F1xx_HAL_Driver/Src/stm32f1xx_ll_usb.o
                0x080035bc                USB_SetCurrentMode
 .text.USB_DevInit
                0x080035d4       0x40 ./Drivers/STM32F1xx_HAL_Driver/Src/stm32f1xx_ll_usb.o
                0x080035d4                USB_DevInit
 .text.USB_ActivateEndpoint
                0x08003614      0x780 ./Drivers/STM32F1xx_HAL_Driver/Src/stm32f1xx_ll_usb.o
                0x08003614                USB_ActivateEndpoint
 .text.USB_DeactivateEndpoint
                0x08003d94      0x3d8 ./Drivers/STM32F1xx_HAL_Driver/Src/stm32f1xx_ll_usb.o
                0x08003d94                USB_DeactivateEndpoint
 .text.USB_EPStartXfer
                0x0800416c     0x1762 ./Drivers/STM32F1xx_HAL_Driver/Src/stm32f1xx_ll_usb.o
                0x0800416c                USB_EPStartXfer
 .text.USB_EPSetStall
                0x080058ce       0xa0 ./Drivers/STM32F1xx_HAL_Driver/Src/stm32f1xx_ll_usb.o
                0x080058ce                USB_EPSetStall
 .text.USB_EPClearStall
                0x0800596e      0x15a ./Drivers/STM32F1xx_HAL_Driver/Src/stm32f1xx_ll_usb.o
                0x0800596e                USB_EPClearStall
 .text.USB_SetDevAddress
                0x08005ac8       0x26 ./Drivers/STM32F1xx_HAL_Driver/Src/stm32f1xx_ll_usb.o
                0x08005ac8                USB_SetDevAddress
 .text.USB_DevConnect
                0x08005aee       0x14 ./Drivers/STM32F1xx_HAL_Driver/Src/stm32f1xx_ll_usb.o
                0x08005aee                USB_DevConnect
 .text.USB_DevDisconnect
                0x08005b02       0x14 ./Drivers/STM32F1xx_HAL_Driver/Src/stm32f1xx_ll_usb.o
                0x08005b02                USB_DevDisconnect
 .text.USB_ReadInterrupts
                0x08005b16       0x1e ./Drivers/STM32F1xx_HAL_Driver/Src/stm32f1xx_ll_usb.o
                0x08005b16                USB_ReadInterrupts
 .text.USB_EP0_OutStart
                0x08005b34       0x16 ./Drivers/STM32F1xx_HAL_Driver/Src/stm32f1xx_ll_usb.o
                0x08005b34                USB_EP0_OutStart
 .text.USB_WritePMA
                0x08005b4a       0x8a ./Drivers/STM32F1xx_HAL_Driver/Src/stm32f1xx_ll_usb.o
                0x08005b4a                USB_WritePMA
 .text.USB_ReadPMA
                0x08005bd4       0x9e ./Drivers/STM32F1xx_HAL_Driver/Src/stm32f1xx_ll_usb.o
                0x08005bd4                USB_ReadPMA
 .text.USBD_HID_Init
                0x08005c72       0x4e ./Middlewares/ST/STM32_USB_Device_Library/Class/HID/Src/usbd_hid.o
 .text.USBD_HID_DeInit
                0x08005cc0       0x42 ./Middlewares/ST/STM32_USB_Device_Library/Class/HID/Src/usbd_hid.o
 *fill*         0x08005d02        0x2 
 .text.USBD_HID_Setup
                0x08005d04      0x1fc ./Middlewares/ST/STM32_USB_Device_Library/Class/HID/Src/usbd_hid.o
 .text.USBD_HID_SendReport
                0x08005f00       0x44 ./Middlewares/ST/STM32_USB_Device_Library/Class/HID/Src/usbd_hid.o
                0x08005f00                USBD_HID_SendReport
 .text.USBD_HID_GetFSCfgDesc
                0x08005f44       0x20 ./Middlewares/ST/STM32_USB_Device_Library/Class/HID/Src/usbd_hid.o
 .text.USBD_HID_GetHSCfgDesc
                0x08005f64       0x20 ./Middlewares/ST/STM32_USB_Device_Library/Class/HID/Src/usbd_hid.o
 .text.USBD_HID_GetOtherSpeedCfgDesc
                0x08005f84       0x20 ./Middlewares/ST/STM32_USB_Device_Library/Class/HID/Src/usbd_hid.o
 .text.USBD_HID_DataIn
                0x08005fa4       0x22 ./Middlewares/ST/STM32_USB_Device_Library/Class/HID/Src/usbd_hid.o
 *fill*         0x08005fc6        0x2 
 .text.USBD_HID_GetDeviceQualifierDesc
                0x08005fc8       0x20 ./Middlewares/ST/STM32_USB_Device_Library/Class/HID/Src/usbd_hid.o
 .text.USBD_Init
                0x08005fe8       0x56 ./Middlewares/ST/STM32_USB_Device_Library/Core/Src/usbd_core.o
                0x08005fe8                USBD_Init
 .text.USBD_RegisterClass
                0x0800603e       0x32 ./Middlewares/ST/STM32_USB_Device_Library/Core/Src/usbd_core.o
                0x0800603e                USBD_RegisterClass
 .text.USBD_Start
                0x08006070       0x18 ./Middlewares/ST/STM32_USB_Device_Library/Core/Src/usbd_core.o
                0x08006070                USBD_Start
 .text.USBD_RunTestMode
                0x08006088       0x14 ./Middlewares/ST/STM32_USB_Device_Library/Core/Src/usbd_core.o
                0x08006088                USBD_RunTestMode
 .text.USBD_SetClassConfig
                0x0800609c       0x3e ./Middlewares/ST/STM32_USB_Device_Library/Core/Src/usbd_core.o
                0x0800609c                USBD_SetClassConfig
 .text.USBD_ClrClassConfig
                0x080060da       0x26 ./Middlewares/ST/STM32_USB_Device_Library/Core/Src/usbd_core.o
                0x080060da                USBD_ClrClassConfig
 .text.USBD_LL_SetupStage
                0x08006100       0x9a ./Middlewares/ST/STM32_USB_Device_Library/Core/Src/usbd_core.o
                0x08006100                USBD_LL_SetupStage
 .text.USBD_LL_DataOutStage
                0x0800619a       0xe2 ./Middlewares/ST/STM32_USB_Device_Library/Core/Src/usbd_core.o
                0x0800619a                USBD_LL_DataOutStage
 .text.USBD_LL_DataInStage
                0x0800627c      0x14a ./Middlewares/ST/STM32_USB_Device_Library/Core/Src/usbd_core.o
                0x0800627c                USBD_LL_DataInStage
 .text.USBD_LL_Reset
                0x080063c6       0x82 ./Middlewares/ST/STM32_USB_Device_Library/Core/Src/usbd_core.o
                0x080063c6                USBD_LL_Reset
 .text.USBD_LL_SetSpeed
                0x08006448       0x1e ./Middlewares/ST/STM32_USB_Device_Library/Core/Src/usbd_core.o
                0x08006448                USBD_LL_SetSpeed
 .text.USBD_LL_Suspend
                0x08006466       0x28 ./Middlewares/ST/STM32_USB_Device_Library/Core/Src/usbd_core.o
                0x08006466                USBD_LL_Suspend
 .text.USBD_LL_Resume
                0x0800648e       0x2a ./Middlewares/ST/STM32_USB_Device_Library/Core/Src/usbd_core.o
                0x0800648e                USBD_LL_Resume
 .text.USBD_LL_SOF
                0x080064b8       0x34 ./Middlewares/ST/STM32_USB_Device_Library/Core/Src/usbd_core.o
                0x080064b8                USBD_LL_SOF
 .text.USBD_StdDevReq
                0x080064ec       0xd4 ./Middlewares/ST/STM32_USB_Device_Library/Core/Src/usbd_ctlreq.o
                0x080064ec                USBD_StdDevReq
 .text.USBD_StdItfReq
                0x080065c0       0x90 ./Middlewares/ST/STM32_USB_Device_Library/Core/Src/usbd_ctlreq.o
                0x080065c0                USBD_StdItfReq
 .text.USBD_StdEPReq
                0x08006650      0x2c6 ./Middlewares/ST/STM32_USB_Device_Library/Core/Src/usbd_ctlreq.o
                0x08006650                USBD_StdEPReq
 *fill*         0x08006916        0x2 
 .text.USBD_GetDescriptor
                0x08006918      0x2d0 ./Middlewares/ST/STM32_USB_Device_Library/Core/Src/usbd_ctlreq.o
 .text.USBD_SetAddress
                0x08006be8       0x86 ./Middlewares/ST/STM32_USB_Device_Library/Core/Src/usbd_ctlreq.o
 *fill*         0x08006c6e        0x2 
 .text.USBD_SetConfig
                0x08006c70      0x11c ./Middlewares/ST/STM32_USB_Device_Library/Core/Src/usbd_ctlreq.o
 .text.USBD_GetConfig
                0x08006d8c       0x6a ./Middlewares/ST/STM32_USB_Device_Library/Core/Src/usbd_ctlreq.o
 .text.USBD_GetStatus
                0x08006df6       0x66 ./Middlewares/ST/STM32_USB_Device_Library/Core/Src/usbd_ctlreq.o
 .text.USBD_SetFeature
                0x08006e5c       0x28 ./Middlewares/ST/STM32_USB_Device_Library/Core/Src/usbd_ctlreq.o
 .text.USBD_ClrFeature
                0x08006e84       0x42 ./Middlewares/ST/STM32_USB_Device_Library/Core/Src/usbd_ctlreq.o
 .text.USBD_ParseSetupRequest
                0x08006ec6       0x72 ./Middlewares/ST/STM32_USB_Device_Library/Core/Src/usbd_ctlreq.o
                0x08006ec6                USBD_ParseSetupRequest
 .text.USBD_CtlError
                0x08006f38       0x22 ./Middlewares/ST/STM32_USB_Device_Library/Core/Src/usbd_ctlreq.o
                0x08006f38                USBD_CtlError
 .text.USBD_GetString
                0x08006f5a       0x84 ./Middlewares/ST/STM32_USB_Device_Library/Core/Src/usbd_ctlreq.o
                0x08006f5a                USBD_GetString
 .text.USBD_GetLen
                0x08006fde       0x2e ./Middlewares/ST/STM32_USB_Device_Library/Core/Src/usbd_ctlreq.o
 .text.USBD_CtlSendData
                0x0800700c       0x38 ./Middlewares/ST/STM32_USB_Device_Library/Core/Src/usbd_ioreq.o
                0x0800700c                USBD_CtlSendData
 .text.USBD_CtlContinueSendData
                0x08007044       0x24 ./Middlewares/ST/STM32_USB_Device_Library/Core/Src/usbd_ioreq.o
                0x08007044                USBD_CtlContinueSendData
 .text.USBD_CtlContinueRx
                0x08007068       0x24 ./Middlewares/ST/STM32_USB_Device_Library/Core/Src/usbd_ioreq.o
                0x08007068                USBD_CtlContinueRx
 .text.USBD_CtlSendStatus
                0x0800708c       0x26 ./Middlewares/ST/STM32_USB_Device_Library/Core/Src/usbd_ioreq.o
                0x0800708c                USBD_CtlSendStatus
 .text.USBD_CtlReceiveStatus
                0x080070b2       0x26 ./Middlewares/ST/STM32_USB_Device_Library/Core/Src/usbd_ioreq.o
                0x080070b2                USBD_CtlReceiveStatus
 .text.MX_USB_DEVICE_Init
                0x080070d8       0x4c ./USB_DEVICE/App/usb_device.o
                0x080070d8                MX_USB_DEVICE_Init
 .text.USBD_FS_DeviceDescriptor
                0x08007124       0x24 ./USB_DEVICE/App/usbd_desc.o
                0x08007124                USBD_FS_DeviceDescriptor
 .text.USBD_FS_LangIDStrDescriptor
                0x08007148       0x24 ./USB_DEVICE/App/usbd_desc.o
                0x08007148                USBD_FS_LangIDStrDescriptor
 .text.USBD_FS_ProductStrDescriptor
                0x0800716c       0x3c ./USB_DEVICE/App/usbd_desc.o
                0x0800716c                USBD_FS_ProductStrDescriptor
 .text.USBD_FS_ManufacturerStrDescriptor
                0x080071a8       0x28 ./USB_DEVICE/App/usbd_desc.o
                0x080071a8                USBD_FS_ManufacturerStrDescriptor
 .text.USBD_FS_SerialStrDescriptor
                0x080071d0       0x24 ./USB_DEVICE/App/usbd_desc.o
                0x080071d0                USBD_FS_SerialStrDescriptor
 .text.USBD_FS_ConfigStrDescriptor
                0x080071f4       0x3c ./USB_DEVICE/App/usbd_desc.o
                0x080071f4                USBD_FS_ConfigStrDescriptor
 .text.USBD_FS_InterfaceStrDescriptor
                0x08007230       0x3c ./USB_DEVICE/App/usbd_desc.o
                0x08007230                USBD_FS_InterfaceStrDescriptor
 .text.Get_SerialNum
                0x0800726c       0x58 ./USB_DEVICE/App/usbd_desc.o
 .text.IntToUnicode
                0x080072c4       0x7c ./USB_DEVICE/App/usbd_desc.o
 .text.HAL_PCD_MspInit
                0x08007340       0x4c ./USB_DEVICE/Target/usbd_conf.o
                0x08007340                HAL_PCD_MspInit
 .text.HAL_PCD_SetupStageCallback
                0x0800738c       0x24 ./USB_DEVICE/Target/usbd_conf.o
                0x0800738c                HAL_PCD_SetupStageCallback
 .text.HAL_PCD_DataOutStageCallback
                0x080073b0       0x36 ./USB_DEVICE/Target/usbd_conf.o
                0x080073b0                HAL_PCD_DataOutStageCallback
 .text.HAL_PCD_DataInStageCallback
                0x080073e6       0x34 ./USB_DEVICE/Target/usbd_conf.o
                0x080073e6                HAL_PCD_DataInStageCallback
 .text.HAL_PCD_SOFCallback
                0x0800741a       0x1c ./USB_DEVICE/Target/usbd_conf.o
                0x0800741a                HAL_PCD_SOFCallback
 .text.HAL_PCD_ResetCallback
                0x08007436       0x3c ./USB_DEVICE/Target/usbd_conf.o
                0x08007436                HAL_PCD_ResetCallback
 *fill*         0x08007472        0x2 
 .text.HAL_PCD_SuspendCallback
                0x08007474       0x34 ./USB_DEVICE/Target/usbd_conf.o
                0x08007474                HAL_PCD_SuspendCallback
 .text.HAL_PCD_ResumeCallback
                0x080074a8       0x1c ./USB_DEVICE/Target/usbd_conf.o
                0x080074a8                HAL_PCD_ResumeCallback
 .text.USBD_LL_Init
                0x080074c4       0x90 ./USB_DEVICE/Target/usbd_conf.o
                0x080074c4                USBD_LL_Init
 .text.USBD_LL_Start
                0x08007554       0x36 ./USB_DEVICE/Target/usbd_conf.o
                0x08007554                USBD_LL_Start
 .text.USBD_LL_OpenEP
                0x0800758a       0x4c ./USB_DEVICE/Target/usbd_conf.o
                0x0800758a                USBD_LL_OpenEP
 .text.USBD_LL_CloseEP
                0x080075d6       0x3e ./USB_DEVICE/Target/usbd_conf.o
                0x080075d6                USBD_LL_CloseEP
 .text.USBD_LL_StallEP
                0x08007614       0x3e ./USB_DEVICE/Target/usbd_conf.o
                0x08007614                USBD_LL_StallEP
 .text.USBD_LL_ClearStallEP
                0x08007652       0x3e ./USB_DEVICE/Target/usbd_conf.o
                0x08007652                USBD_LL_ClearStallEP
 .text.USBD_LL_IsStallEP
                0x08007690       0x58 ./USB_DEVICE/Target/usbd_conf.o
                0x08007690                USBD_LL_IsStallEP
 .text.USBD_LL_SetUSBAddress
                0x080076e8       0x3e ./USB_DEVICE/Target/usbd_conf.o
                0x080076e8                USBD_LL_SetUSBAddress
 .text.USBD_LL_Transmit
                0x08007726       0x46 ./USB_DEVICE/Target/usbd_conf.o
                0x08007726                USBD_LL_Transmit
 .text.USBD_LL_PrepareReceive
                0x0800776c       0x46 ./USB_DEVICE/Target/usbd_conf.o
                0x0800776c                USBD_LL_PrepareReceive
 *fill*         0x080077b2        0x2 
 .text.USBD_static_malloc
                0x080077b4       0x18 ./USB_DEVICE/Target/usbd_conf.o
                0x080077b4                USBD_static_malloc
 .text.USBD_static_free
                0x080077cc       0x12 ./USB_DEVICE/Target/usbd_conf.o
                0x080077cc                USBD_static_free
 .text.HAL_PCDEx_SetConnectionState
                0x080077de       0x16 ./USB_DEVICE/Target/usbd_conf.o
                0x080077de                HAL_PCDEx_SetConnectionState
 .text.USBD_Get_USB_Status
                0x080077f4       0x58 ./USB_DEVICE/Target/usbd_conf.o
 .text.memset   0x0800784c       0x10 /opt/st/stm32cubeide_1.15.1/plugins/com.st.stm32cube.ide.mcu.externaltools.gnu-tools-for-stm32.12.3.rel1.linux64_1.0.100.202403111256/tools/bin/../lib/gcc/arm-none-eabi/12.3.1/../../../../arm-none-eabi/lib/thumb/v7-m/nofp/libc_nano.a(libc_a-memset.o)
                0x0800784c                memset
 .text.__libc_init_array
                0x0800785c       0x48 /opt/st/stm32cubeide_1.15.1/plugins/com.st.stm32cube.ide.mcu.externaltools.gnu-tools-for-stm32.12.3.rel1.linux64_1.0.100.202403111256/tools/bin/../lib/gcc/arm-none-eabi/12.3.1/../../../../arm-none-eabi/lib/thumb/v7-m/nofp/libc_nano.a(libc_a-init.o)
                0x0800785c                __libc_init_array
 .text.memcpy   0x080078a4       0x1c /opt/st/stm32cubeide_1.15.1/plugins/com.st.stm32cube.ide.mcu.externaltools.gnu-tools-for-stm32.12.3.rel1.linux64_1.0.100.202403111256/tools/bin/../lib/gcc/arm-none-eabi/12.3.1/../../../../arm-none-eabi/lib/thumb/v7-m/nofp/libc_nano.a(libc_a-memcpy-stub.o)
                0x080078a4                memcpy
 *(.glue_7)
 .glue_7        0x080078c0        0x0 linker stubs
 *(.glue_7t)
 .glue_7t       0x080078c0        0x0 linker stubs
 *(.eh_frame)
 .eh_frame      0x080078c0        0x0 /opt/st/stm32cubeide_1.15.1/plugins/com.st.stm32cube.ide.mcu.externaltools.gnu-tools-for-stm32.12.3.rel1.linux64_1.0.100.202403111256/tools/bin/../lib/gcc/arm-none-eabi/12.3.1/thumb/v7-m/nofp/crtbegin.o
 *(.init)
 .init          0x080078c0        0x4 /opt/st/stm32cubeide_1.15.1/plugins/com.st.stm32cube.ide.mcu.externaltools.gnu-tools-for-stm32.12.3.rel1.linux64_1.0.100.202403111256/tools/bin/../lib/gcc/arm-none-eabi/12.3.1/thumb/v7-m/nofp/crti.o
                0x080078c0                _init
 .init          0x080078c4        0x8 /opt/st/stm32cubeide_1.15.1/plugins/com.st.stm32cube.ide.mcu.externaltools.gnu-tools-for-stm32.12.3.rel1.linux64_1.0.100.202403111256/tools/bin/../lib/gcc/arm-none-eabi/12.3.1/thumb/v7-m/nofp/crtn.o
 *(.fini)
 .fini          0x080078cc        0x4 /opt/st/stm32cubeide_1.15.1/plugins/com.st.stm32cube.ide.mcu.externaltools.gnu-tools-for-stm32.12.3.rel1.linux64_1.0.100.202403111256/tools/bin/../lib/gcc/arm-none-eabi/12.3.1/thumb/v7-m/nofp/crti.o
                0x080078cc                _fini
 .fini          0x080078d0        0x8 /opt/st/stm32cubeide_1.15.1/plugins/com.st.stm32cube.ide.mcu.externaltools.gnu-tools-for-stm32.12.3.rel1.linux64_1.0.100.202403111256/tools/bin/../lib/gcc/arm-none-eabi/12.3.1/thumb/v7-m/nofp/crtn.o
                0x080078d8                        . = ALIGN (0x4)
                0x080078d8                        _etext = .

.vfp11_veneer   0x080078d8        0x0
 .vfp11_veneer  0x080078d8        0x0 linker stubs

.v4_bx          0x080078d8        0x0
 .v4_bx         0x080078d8        0x0 linker stubs

.iplt           0x080078d8        0x0
 .iplt          0x080078d8        0x0 /opt/st/stm32cubeide_1.15.1/plugins/com.st.stm32cube.ide.mcu.externaltools.gnu-tools-for-stm32.12.3.rel1.linux64_1.0.100.202403111256/tools/bin/../lib/gcc/arm-none-eabi/12.3.1/thumb/v7-m/nofp/crtbegin.o

.rodata         0x080078d8      0x170
                0x080078d8                        . = ALIGN (0x4)
 *(.rodata)
 .rodata        0x080078d8      0x113 ./Core/Src/main.o
 *fill*         0x080079eb        0x1 
 .rodata        0x080079ec       0x36 ./USB_DEVICE/App/usbd_desc.o
 *(.rodata*)
 *fill*         0x08007a22        0x2 
 .rodata.AHBPrescTable
                0x08007a24       0x10 ./Core/Src/system_stm32f1xx.o
                0x08007a24                AHBPrescTable
 .rodata.aPLLMULFactorTable.1
                0x08007a34       0x10 ./Drivers/STM32F1xx_HAL_Driver/Src/stm32f1xx_hal_rcc.o
 .rodata.aPredivFactorTable.0
                0x08007a44        0x2 ./Drivers/STM32F1xx_HAL_Driver/Src/stm32f1xx_hal_rcc.o
                0x08007a48                        . = ALIGN (0x4)
 *fill*         0x08007a46        0x2 

.ARM.extab      0x08007a48        0x0
                0x08007a48                        . = ALIGN (0x4)
 *(.ARM.extab* .gnu.linkonce.armextab.*)
                0x08007a48                        . = ALIGN (0x4)

.ARM            0x08007a48        0x0
                0x08007a48                        . = ALIGN (0x4)
                0x08007a48                        __exidx_start = .
 *(.ARM.exidx*)
                0x08007a48                        __exidx_end = .
                0x08007a48                        . = ALIGN (0x4)

.preinit_array  0x08007a48        0x0
                0x08007a48                        . = ALIGN (0x4)
                0x08007a48                        PROVIDE (__preinit_array_start = .)
 *(.preinit_array*)
                0x08007a48                        PROVIDE (__preinit_array_end = .)
                0x08007a48                        . = ALIGN (0x4)

.init_array     0x08007a48        0x4
                0x08007a48                        . = ALIGN (0x4)
                0x08007a48                        PROVIDE (__init_array_start = .)
 *(SORT_BY_NAME(.init_array.*))
 *(.init_array*)
 .init_array    0x08007a48        0x4 /opt/st/stm32cubeide_1.15.1/plugins/com.st.stm32cube.ide.mcu.externaltools.gnu-tools-for-stm32.12.3.rel1.linux64_1.0.100.202403111256/tools/bin/../lib/gcc/arm-none-eabi/12.3.1/thumb/v7-m/nofp/crtbegin.o
                0x08007a4c                        PROVIDE (__init_array_end = .)
                0x08007a4c                        . = ALIGN (0x4)

.fini_array     0x08007a4c        0x4
                0x08007a4c                        . = ALIGN (0x4)
                [!provide]                        PROVIDE (__fini_array_start = .)
 *(SORT_BY_NAME(.fini_array.*))
 *(.fini_array*)
 .fini_array    0x08007a4c        0x4 /opt/st/stm32cubeide_1.15.1/plugins/com.st.stm32cube.ide.mcu.externaltools.gnu-tools-for-stm32.12.3.rel1.linux64_1.0.100.202403111256/tools/bin/../lib/gcc/arm-none-eabi/12.3.1/thumb/v7-m/nofp/crtbegin.o
                [!provide]                        PROVIDE (__fini_array_end = .)
                0x08007a50                        . = ALIGN (0x4)
                0x08007a50                        _sidata = LOADADDR (.data)

.rel.dyn        0x08007a50        0x0
 .rel.iplt      0x08007a50        0x0 /opt/st/stm32cubeide_1.15.1/plugins/com.st.stm32cube.ide.mcu.externaltools.gnu-tools-for-stm32.12.3.rel1.linux64_1.0.100.202403111256/tools/bin/../lib/gcc/arm-none-eabi/12.3.1/thumb/v7-m/nofp/crtbegin.o

.data           0x20000000      0x158 load address 0x08007a50
                0x20000000                        . = ALIGN (0x4)
                0x20000000                        _sdata = .
 *(.data)
 *(.data*)
 .data.SystemCoreClock
                0x20000000        0x4 ./Core/Src/system_stm32f1xx.o
                0x20000000                SystemCoreClock
 .data.uwTickPrio
                0x20000004        0x4 ./Drivers/STM32F1xx_HAL_Driver/Src/stm32f1xx_hal.o
                0x20000004                uwTickPrio
 .data.uwTickFreq
                0x20000008        0x1 ./Drivers/STM32F1xx_HAL_Driver/Src/stm32f1xx_hal.o
                0x20000008                uwTickFreq
 *fill*         0x20000009        0x3 
 .data.USBD_HID
                0x2000000c       0x38 ./Middlewares/ST/STM32_USB_Device_Library/Class/HID/Src/usbd_hid.o
                0x2000000c                USBD_HID
 .data.USBD_HID_CfgFSDesc
                0x20000044       0x22 ./Middlewares/ST/STM32_USB_Device_Library/Class/HID/Src/usbd_hid.o
 *fill*         0x20000066        0x2 
 .data.USBD_HID_CfgHSDesc
                0x20000068       0x22 ./Middlewares/ST/STM32_USB_Device_Library/Class/HID/Src/usbd_hid.o
 *fill*         0x2000008a        0x2 
 .data.USBD_HID_OtherSpeedCfgDesc
                0x2000008c       0x22 ./Middlewares/ST/STM32_USB_Device_Library/Class/HID/Src/usbd_hid.o
 *fill*         0x200000ae        0x2 
 .data.USBD_HID_Desc
                0x200000b0        0x9 ./Middlewares/ST/STM32_USB_Device_Library/Class/HID/Src/usbd_hid.o
 *fill*         0x200000b9        0x3 
 .data.USBD_HID_DeviceQualifierDesc
                0x200000bc        0xa ./Middlewares/ST/STM32_USB_Device_Library/Class/HID/Src/usbd_hid.o
 *fill*         0x200000c6        0x2 
 .data.HID_MOUSE_ReportDesc
                0x200000c8       0x3f ./Middlewares/ST/STM32_USB_Device_Library/Class/HID/Src/usbd_hid.o
 *fill*         0x20000107        0x1 
 .data.FS_Desc  0x20000108       0x1c ./USB_DEVICE/App/usbd_desc.o
                0x20000108                FS_Desc
 .data.USBD_FS_DeviceDesc
                0x20000124       0x12 ./USB_DEVICE/App/usbd_desc.o
                0x20000124                USBD_FS_DeviceDesc
 *fill*         0x20000136        0x2 
 .data.USBD_LangIDDesc
                0x20000138        0x4 ./USB_DEVICE/App/usbd_desc.o
                0x20000138                USBD_LangIDDesc
 .data.USBD_StringSerial
                0x2000013c       0x1a ./USB_DEVICE/App/usbd_desc.o
                0x2000013c                USBD_StringSerial
 *(.RamFunc)
 *(.RamFunc*)
                0x20000158                        . = ALIGN (0x4)
 *fill*         0x20000156        0x2 
                0x20000158                        _edata = .

.igot.plt       0x20000158        0x0 load address 0x08007ba8
 .igot.plt      0x20000158        0x0 /opt/st/stm32cubeide_1.15.1/plugins/com.st.stm32cube.ide.mcu.externaltools.gnu-tools-for-stm32.12.3.rel1.linux64_1.0.100.202403111256/tools/bin/../lib/gcc/arm-none-eabi/12.3.1/thumb/v7-m/nofp/crtbegin.o
                0x20000158                        . = ALIGN (0x4)

.bss            0x20000158      0x7ec load address 0x08007ba8
                0x20000158                        _sbss = .
                0x20000158                        __bss_start__ = _sbss
 *(.bss)
 .bss           0x20000158       0x1c /opt/st/stm32cubeide_1.15.1/plugins/com.st.stm32cube.ide.mcu.externaltools.gnu-tools-for-stm32.12.3.rel1.linux64_1.0.100.202403111256/tools/bin/../lib/gcc/arm-none-eabi/12.3.1/thumb/v7-m/nofp/crtbegin.o
 *(.bss*)
 .bss.uwTick    0x20000174        0x4 ./Drivers/STM32F1xx_HAL_Driver/Src/stm32f1xx_hal.o
                0x20000174                uwTick
 .bss.cfgidx.0  0x20000178        0x1 ./Middlewares/ST/STM32_USB_Device_Library/Core/Src/usbd_ctlreq.o
 *fill*         0x20000179        0x3 
 .bss.hUsbDeviceFS
                0x2000017c      0x2c4 ./USB_DEVICE/App/usb_device.o
                0x2000017c                hUsbDeviceFS
 .bss.USBD_StrDesc
                0x20000440      0x200 ./USB_DEVICE/App/usbd_desc.o
                0x20000440                USBD_StrDesc
 .bss.hpcd_USB_FS
                0x20000640      0x2f0 ./USB_DEVICE/Target/usbd_conf.o
                0x20000640                hpcd_USB_FS
 .bss.mem.0     0x20000930       0x14 ./USB_DEVICE/Target/usbd_conf.o
 *(COMMON)
                0x20000944                        . = ALIGN (0x4)
                0x20000944                        _ebss = .
                0x20000944                        __bss_end__ = _ebss

._user_heap_stack
                0x20000944      0x604 load address 0x08007ba8
                0x20000948                        . = ALIGN (0x8)
 *fill*         0x20000944        0x4 
                [!provide]                        PROVIDE (end = .)
                0x20000948                        PROVIDE (_end = .)
                0x20000b48                        . = (. + _Min_Heap_Size)
 *fill*         0x20000948      0x200 
                0x20000f48                        . = (. + _Min_Stack_Size)
 *fill*         0x20000b48      0x400 
                0x20000f48                        . = ALIGN (0x8)

/DISCARD/
 libc.a(*)
 libm.a(*)
 libgcc.a(*)

.ARM.attributes
                0x00000000       0x29
 *(.ARM.attributes)
 .ARM.attributes
                0x00000000       0x1d /opt/st/stm32cubeide_1.15.1/plugins/com.st.stm32cube.ide.mcu.externaltools.gnu-tools-for-stm32.12.3.rel1.linux64_1.0.100.202403111256/tools/bin/../lib/gcc/arm-none-eabi/12.3.1/thumb/v7-m/nofp/crti.o
 .ARM.attributes
                0x0000001d       0x2d /opt/st/stm32cubeide_1.15.1/plugins/com.st.stm32cube.ide.mcu.externaltools.gnu-tools-for-stm32.12.3.rel1.linux64_1.0.100.202403111256/tools/bin/../lib/gcc/arm-none-eabi/12.3.1/thumb/v7-m/nofp/crtbegin.o
 .ARM.attributes
                0x0000004a       0x2d ./Core/Src/main.o
 .ARM.attributes
                0x00000077       0x2d ./Core/Src/stm32f1xx_hal_msp.o
 .ARM.attributes
                0x000000a4       0x2d ./Core/Src/stm32f1xx_it.o
 .ARM.attributes
                0x000000d1       0x2d ./Core/Src/system_stm32f1xx.o
 .ARM.attributes
                0x000000fe       0x21 ./Core/Startup/startup_stm32f103c8tx.o
 .ARM.attributes
                0x0000011f       0x2d ./Drivers/STM32F1xx_HAL_Driver/Src/stm32f1xx_hal.o
 .ARM.attributes
                0x0000014c       0x2d ./Drivers/STM32F1xx_HAL_Driver/Src/stm32f1xx_hal_cortex.o
 .ARM.attributes
                0x00000179       0x2d ./Drivers/STM32F1xx_HAL_Driver/Src/stm32f1xx_hal_gpio.o
 .ARM.attributes
                0x000001a6       0x2d ./Drivers/STM32F1xx_HAL_Driver/Src/stm32f1xx_hal_pcd.o
 .ARM.attributes
                0x000001d3       0x2d ./Drivers/STM32F1xx_HAL_Driver/Src/stm32f1xx_hal_pcd_ex.o
 .ARM.attributes
                0x00000200       0x2d ./Drivers/STM32F1xx_HAL_Driver/Src/stm32f1xx_hal_rcc.o
 .ARM.attributes
                0x0000022d       0x2d ./Drivers/STM32F1xx_HAL_Driver/Src/stm32f1xx_hal_rcc_ex.o
 .ARM.attributes
                0x0000025a       0x2d ./Drivers/STM32F1xx_HAL_Driver/Src/stm32f1xx_ll_usb.o
 .ARM.attributes
                0x00000287       0x2d ./Middlewares/ST/STM32_USB_Device_Library/Class/HID/Src/usbd_hid.o
 .ARM.attributes
                0x000002b4       0x2d ./Middlewares/ST/STM32_USB_Device_Library/Core/Src/usbd_core.o
 .ARM.attributes
                0x000002e1       0x2d ./Middlewares/ST/STM32_USB_Device_Library/Core/Src/usbd_ctlreq.o
 .ARM.attributes
                0x0000030e       0x2d ./Middlewares/ST/STM32_USB_Device_Library/Core/Src/usbd_ioreq.o
 .ARM.attributes
                0x0000033b       0x2d ./USB_DEVICE/App/usb_device.o
 .ARM.attributes
                0x00000368       0x2d ./USB_DEVICE/App/usbd_desc.o
 .ARM.attributes
                0x00000395       0x2d ./USB_DEVICE/Target/usbd_conf.o
 .ARM.attributes
                0x000003c2       0x2d /opt/st/stm32cubeide_1.15.1/plugins/com.st.stm32cube.ide.mcu.externaltools.gnu-tools-for-stm32.12.3.rel1.linux64_1.0.100.202403111256/tools/bin/../lib/gcc/arm-none-eabi/12.3.1/../../../../arm-none-eabi/lib/thumb/v7-m/nofp/libc_nano.a(libc_a-memset.o)
 .ARM.attributes
                0x000003ef       0x2d /opt/st/stm32cubeide_1.15.1/plugins/com.st.stm32cube.ide.mcu.externaltools.gnu-tools-for-stm32.12.3.rel1.linux64_1.0.100.202403111256/tools/bin/../lib/gcc/arm-none-eabi/12.3.1/../../../../arm-none-eabi/lib/thumb/v7-m/nofp/libc_nano.a(libc_a-init.o)
 .ARM.attributes
                0x0000041c       0x2d /opt/st/stm32cubeide_1.15.1/plugins/com.st.stm32cube.ide.mcu.externaltools.gnu-tools-for-stm32.12.3.rel1.linux64_1.0.100.202403111256/tools/bin/../lib/gcc/arm-none-eabi/12.3.1/../../../../arm-none-eabi/lib/thumb/v7-m/nofp/libc_nano.a(libc_a-memcpy-stub.o)
 .ARM.attributes
                0x00000449       0x1d /opt/st/stm32cubeide_1.15.1/plugins/com.st.stm32cube.ide.mcu.externaltools.gnu-tools-for-stm32.12.3.rel1.linux64_1.0.100.202403111256/tools/bin/../lib/gcc/arm-none-eabi/12.3.1/thumb/v7-m/nofp/crtn.o
OUTPUT(HID_Keyboard.elf elf32-littlearm)
LOAD linker stubs
LOAD /opt/st/stm32cubeide_1.15.1/plugins/com.st.stm32cube.ide.mcu.externaltools.gnu-tools-for-stm32.12.3.rel1.linux64_1.0.100.202403111256/tools/bin/../lib/gcc/arm-none-eabi/12.3.1/../../../../arm-none-eabi/lib/thumb/v7-m/nofp/libc.a
LOAD /opt/st/stm32cubeide_1.15.1/plugins/com.st.stm32cube.ide.mcu.externaltools.gnu-tools-for-stm32.12.3.rel1.linux64_1.0.100.202403111256/tools/bin/../lib/gcc/arm-none-eabi/12.3.1/../../../../arm-none-eabi/lib/thumb/v7-m/nofp/libm.a
LOAD /opt/st/stm32cubeide_1.15.1/plugins/com.st.stm32cube.ide.mcu.externaltools.gnu-tools-for-stm32.12.3.rel1.linux64_1.0.100.202403111256/tools/bin/../lib/gcc/arm-none-eabi/12.3.1/thumb/v7-m/nofp/libgcc.a

.debug_info     0x00000000     0xb2dc
 .debug_info    0x00000000      0xbb2 ./Core/Src/main.o
 .debug_info    0x00000bb2      0x1f1 ./Core/Src/stm32f1xx_hal_msp.o
 .debug_info    0x00000da3      0x5f5 ./Core/Src/stm32f1xx_it.o
 .debug_info    0x00001398      0x222 ./Core/Src/system_stm32f1xx.o
 .debug_info    0x000015ba       0x30 ./Core/Startup/startup_stm32f103c8tx.o
 .debug_info    0x000015ea      0x704 ./Drivers/STM32F1xx_HAL_Driver/Src/stm32f1xx_hal.o
 .debug_info    0x00001cee      0xa87 ./Drivers/STM32F1xx_HAL_Driver/Src/stm32f1xx_hal_cortex.o
 .debug_info    0x00002775      0x5ab ./Drivers/STM32F1xx_HAL_Driver/Src/stm32f1xx_hal_gpio.o
 .debug_info    0x00002d20     0x16cf ./Drivers/STM32F1xx_HAL_Driver/Src/stm32f1xx_hal_pcd.o
 .debug_info    0x000043ef      0x6b6 ./Drivers/STM32F1xx_HAL_Driver/Src/stm32f1xx_hal_pcd_ex.o
 .debug_info    0x00004aa5      0x7d5 ./Drivers/STM32F1xx_HAL_Driver/Src/stm32f1xx_hal_rcc.o
 .debug_info    0x0000527a      0x3c0 ./Drivers/STM32F1xx_HAL_Driver/Src/stm32f1xx_hal_rcc_ex.o
 .debug_info    0x0000563a     0x17a2 ./Drivers/STM32F1xx_HAL_Driver/Src/stm32f1xx_ll_usb.o
 .debug_info    0x00006ddc      0x927 ./Middlewares/ST/STM32_USB_Device_Library/Class/HID/Src/usbd_hid.o
 .debug_info    0x00007703      0xa52 ./Middlewares/ST/STM32_USB_Device_Library/Core/Src/usbd_core.o
 .debug_info    0x00008155      0x91c ./Middlewares/ST/STM32_USB_Device_Library/Core/Src/usbd_ctlreq.o
 .debug_info    0x00008a71      0x6a0 ./Middlewares/ST/STM32_USB_Device_Library/Core/Src/usbd_ioreq.o
 .debug_info    0x00009111      0x53a ./USB_DEVICE/App/usb_device.o
 .debug_info    0x0000964b      0x44a ./USB_DEVICE/App/usbd_desc.o
 .debug_info    0x00009a95     0x1847 ./USB_DEVICE/Target/usbd_conf.o

.debug_abbrev   0x00000000     0x271b
 .debug_abbrev  0x00000000      0x2c1 ./Core/Src/main.o
 .debug_abbrev  0x000002c1       0xdb ./Core/Src/stm32f1xx_hal_msp.o
 .debug_abbrev  0x0000039c      0x192 ./Core/Src/stm32f1xx_it.o
 .debug_abbrev  0x0000052e      0x13f ./Core/Src/system_stm32f1xx.o
 .debug_abbrev  0x0000066d       0x24 ./Core/Startup/startup_stm32f103c8tx.o
 .debug_abbrev  0x00000691      0x201 ./Drivers/STM32F1xx_HAL_Driver/Src/stm32f1xx_hal.o
 .debug_abbrev  0x00000892      0x2f8 ./Drivers/STM32F1xx_HAL_Driver/Src/stm32f1xx_hal_cortex.o
 .debug_abbrev  0x00000b8a      0x1ca ./Drivers/STM32F1xx_HAL_Driver/Src/stm32f1xx_hal_gpio.o
 .debug_abbrev  0x00000d54      0x2d6 ./Drivers/STM32F1xx_HAL_Driver/Src/stm32f1xx_hal_pcd.o
 .debug_abbrev  0x0000102a      0x189 ./Drivers/STM32F1xx_HAL_Driver/Src/stm32f1xx_hal_pcd_ex.o
 .debug_abbrev  0x000011b3      0x2b3 ./Drivers/STM32F1xx_HAL_Driver/Src/stm32f1xx_hal_rcc.o
 .debug_abbrev  0x00001466      0x188 ./Drivers/STM32F1xx_HAL_Driver/Src/stm32f1xx_hal_rcc_ex.o
 .debug_abbrev  0x000015ee      0x1de ./Drivers/STM32F1xx_HAL_Driver/Src/stm32f1xx_ll_usb.o
 .debug_abbrev  0x000017cc      0x26b ./Middlewares/ST/STM32_USB_Device_Library/Class/HID/Src/usbd_hid.o
 .debug_abbrev  0x00001a37      0x24a ./Middlewares/ST/STM32_USB_Device_Library/Core/Src/usbd_core.o
 .debug_abbrev  0x00001c81      0x26b ./Middlewares/ST/STM32_USB_Device_Library/Core/Src/usbd_ctlreq.o
 .debug_abbrev  0x00001eec      0x192 ./Middlewares/ST/STM32_USB_Device_Library/Core/Src/usbd_ioreq.o
 .debug_abbrev  0x0000207e      0x188 ./USB_DEVICE/App/usb_device.o
 .debug_abbrev  0x00002206      0x1ff ./USB_DEVICE/App/usbd_desc.o
 .debug_abbrev  0x00002405      0x316 ./USB_DEVICE/Target/usbd_conf.o

.debug_aranges  0x00000000      0xa08
 .debug_aranges
                0x00000000       0x38 ./Core/Src/main.o
 .debug_aranges
                0x00000038       0x20 ./Core/Src/stm32f1xx_hal_msp.o
 .debug_aranges
                0x00000058       0x68 ./Core/Src/stm32f1xx_it.o
 .debug_aranges
                0x000000c0       0x28 ./Core/Src/system_stm32f1xx.o
 .debug_aranges
                0x000000e8       0x28 ./Core/Startup/startup_stm32f103c8tx.o
 .debug_aranges
                0x00000110       0xe0 ./Drivers/STM32F1xx_HAL_Driver/Src/stm32f1xx_hal.o
 .debug_aranges
                0x000001f0      0x100 ./Drivers/STM32F1xx_HAL_Driver/Src/stm32f1xx_hal_cortex.o
 .debug_aranges
                0x000002f0       0x58 ./Drivers/STM32F1xx_HAL_Driver/Src/stm32f1xx_hal_gpio.o
 .debug_aranges
                0x00000348      0x140 ./Drivers/STM32F1xx_HAL_Driver/Src/stm32f1xx_hal_pcd.o
 .debug_aranges
                0x00000488       0x38 ./Drivers/STM32F1xx_HAL_Driver/Src/stm32f1xx_hal_pcd_ex.o
 .debug_aranges
                0x000004c0       0x90 ./Drivers/STM32F1xx_HAL_Driver/Src/stm32f1xx_hal_rcc.o
 .debug_aranges
                0x00000550       0x30 ./Drivers/STM32F1xx_HAL_Driver/Src/stm32f1xx_hal_rcc_ex.o
 .debug_aranges
                0x00000580       0xf8 ./Drivers/STM32F1xx_HAL_Driver/Src/stm32f1xx_ll_usb.o
 .debug_aranges
                0x00000678       0x68 ./Middlewares/ST/STM32_USB_Device_Library/Class/HID/Src/usbd_hid.o
 .debug_aranges
                0x000006e0       0xb8 ./Middlewares/ST/STM32_USB_Device_Library/Core/Src/usbd_core.o
 .debug_aranges
                0x00000798       0x88 ./Middlewares/ST/STM32_USB_Device_Library/Core/Src/usbd_ctlreq.o
 .debug_aranges
                0x00000820       0x50 ./Middlewares/ST/STM32_USB_Device_Library/Core/Src/usbd_ioreq.o
 .debug_aranges
                0x00000870       0x20 ./USB_DEVICE/App/usb_device.o
 .debug_aranges
                0x00000890       0x60 ./USB_DEVICE/App/usbd_desc.o
 .debug_aranges
                0x000008f0      0x118 ./USB_DEVICE/Target/usbd_conf.o

.debug_rnglists
                0x00000000      0x74e
 .debug_rnglists
                0x00000000       0x28 ./Core/Src/main.o
 .debug_rnglists
                0x00000028       0x13 ./Core/Src/stm32f1xx_hal_msp.o
 .debug_rnglists
                0x0000003b       0x49 ./Core/Src/stm32f1xx_it.o
 .debug_rnglists
                0x00000084       0x1a ./Core/Src/system_stm32f1xx.o
 .debug_rnglists
                0x0000009e       0x19 ./Core/Startup/startup_stm32f103c8tx.o
 .debug_rnglists
                0x000000b7       0xa3 ./Drivers/STM32F1xx_HAL_Driver/Src/stm32f1xx_hal.o
 .debug_rnglists
                0x0000015a       0xbb ./Drivers/STM32F1xx_HAL_Driver/Src/stm32f1xx_hal_cortex.o
 .debug_rnglists
                0x00000215       0x3f ./Drivers/STM32F1xx_HAL_Driver/Src/stm32f1xx_hal_gpio.o
 .debug_rnglists
                0x00000254       0xf4 ./Drivers/STM32F1xx_HAL_Driver/Src/stm32f1xx_hal_pcd.o
 .debug_rnglists
                0x00000348       0x26 ./Drivers/STM32F1xx_HAL_Driver/Src/stm32f1xx_hal_pcd_ex.o
 .debug_rnglists
                0x0000036e       0x6c ./Drivers/STM32F1xx_HAL_Driver/Src/stm32f1xx_hal_rcc.o
 .debug_rnglists
                0x000003da       0x21 ./Drivers/STM32F1xx_HAL_Driver/Src/stm32f1xx_hal_rcc_ex.o
 .debug_rnglists
                0x000003fb       0xbd ./Drivers/STM32F1xx_HAL_Driver/Src/stm32f1xx_ll_usb.o
 .debug_rnglists
                0x000004b8       0x4a ./Middlewares/ST/STM32_USB_Device_Library/Class/HID/Src/usbd_hid.o
 .debug_rnglists
                0x00000502       0x89 ./Middlewares/ST/STM32_USB_Device_Library/Core/Src/usbd_core.o
 .debug_rnglists
                0x0000058b       0x68 ./Middlewares/ST/STM32_USB_Device_Library/Core/Src/usbd_ctlreq.o
 .debug_rnglists
                0x000005f3       0x37 ./Middlewares/ST/STM32_USB_Device_Library/Core/Src/usbd_ioreq.o
 .debug_rnglists
                0x0000062a       0x13 ./USB_DEVICE/App/usb_device.o
 .debug_rnglists
                0x0000063d       0x43 ./USB_DEVICE/App/usbd_desc.o
 .debug_rnglists
                0x00000680       0xce ./USB_DEVICE/Target/usbd_conf.o

.debug_macro    0x00000000    0x1905d
 .debug_macro   0x00000000      0x35f ./Core/Src/main.o
 .debug_macro   0x0000035f      0xaa8 ./Core/Src/main.o
 .debug_macro   0x00000e07      0x215 ./Core/Src/main.o
 .debug_macro   0x0000101c       0x2e ./Core/Src/main.o
 .debug_macro   0x0000104a       0x22 ./Core/Src/main.o
 .debug_macro   0x0000106c       0x22 ./Core/Src/main.o
 .debug_macro   0x0000108e       0x8e ./Core/Src/main.o
 .debug_macro   0x0000111c       0x51 ./Core/Src/main.o
 .debug_macro   0x0000116d      0x103 ./Core/Src/main.o
 .debug_macro   0x00001270       0x6a ./Core/Src/main.o
 .debug_macro   0x000012da      0x1df ./Core/Src/main.o
 .debug_macro   0x000014b9       0x1c ./Core/Src/main.o
 .debug_macro   0x000014d5       0x22 ./Core/Src/main.o
 .debug_macro   0x000014f7       0xbd ./Core/Src/main.o
 .debug_macro   0x000015b4      0xd23 ./Core/Src/main.o
 .debug_macro   0x000022d7     0xe09e ./Core/Src/main.o
 .debug_macro   0x00010375       0x6d ./Core/Src/main.o
 .debug_macro   0x000103e2     0x348d ./Core/Src/main.o
 .debug_macro   0x0001386f      0x189 ./Core/Src/main.o
 .debug_macro   0x000139f8       0x5c ./Core/Src/main.o
 .debug_macro   0x00013a54      0x5bc ./Core/Src/main.o
 .debug_macro   0x00014010      0x289 ./Core/Src/main.o
 .debug_macro   0x00014299      0x1cb ./Core/Src/main.o
 .debug_macro   0x00014464      0x114 ./Core/Src/main.o
 .debug_macro   0x00014578      0x1b2 ./Core/Src/main.o
 .debug_macro   0x0001472a       0x27 ./Core/Src/main.o
 .debug_macro   0x00014751      0x136 ./Core/Src/main.o
 .debug_macro   0x00014887      0x1bc ./Core/Src/main.o
 .debug_macro   0x00014a43       0x34 ./Core/Src/main.o
 .debug_macro   0x00014a77       0x3c ./Core/Src/main.o
 .debug_macro   0x00014ab3       0x57 ./Core/Src/main.o
 .debug_macro   0x00014b0a       0x87 ./Core/Src/main.o
 .debug_macro   0x00014b91      0x240 ./Core/Src/main.o
 .debug_macro   0x00014dd1      0x140 ./Core/Src/main.o
 .debug_macro   0x00014f11       0xab ./Core/Src/main.o
 .debug_macro   0x00014fbc      0x242 ./Core/Src/main.o
 .debug_macro   0x000151fe       0x83 ./Core/Src/main.o
 .debug_macro   0x00015281       0xac ./Core/Src/main.o
 .debug_macro   0x0001532d       0x61 ./Core/Src/main.o
 .debug_macro   0x0001538e       0x24 ./Core/Src/main.o
 .debug_macro   0x000153b2       0x43 ./Core/Src/main.o
 .debug_macro   0x000153f5       0x34 ./Core/Src/main.o
 .debug_macro   0x00015429       0x16 ./Core/Src/main.o
 .debug_macro   0x0001543f       0x35 ./Core/Src/main.o
 .debug_macro   0x00015474      0x369 ./Core/Src/main.o
 .debug_macro   0x000157dd       0x10 ./Core/Src/main.o
 .debug_macro   0x000157ed       0x16 ./Core/Src/main.o
 .debug_macro   0x00015803       0x43 ./Core/Src/main.o
 .debug_macro   0x00015846       0x34 ./Core/Src/main.o
 .debug_macro   0x0001587a       0x10 ./Core/Src/main.o
 .debug_macro   0x0001588a       0x58 ./Core/Src/main.o
 .debug_macro   0x000158e2       0x8e ./Core/Src/main.o
 .debug_macro   0x00015970       0x1c ./Core/Src/main.o
 .debug_macro   0x0001598c      0x177 ./Core/Src/main.o
 .debug_macro   0x00015b03       0x16 ./Core/Src/main.o
 .debug_macro   0x00015b19       0x16 ./Core/Src/main.o
 .debug_macro   0x00015b2f      0x146 ./Core/Src/main.o
 .debug_macro   0x00015c75       0x16 ./Core/Src/main.o
 .debug_macro   0x00015c8b       0x16 ./Core/Src/main.o
 .debug_macro   0x00015ca1       0x29 ./Core/Src/main.o
 .debug_macro   0x00015cca       0x16 ./Core/Src/main.o
 .debug_macro   0x00015ce0       0x20 ./Core/Src/main.o
 .debug_macro   0x00015d00       0x5f ./Core/Src/main.o
 .debug_macro   0x00015d5f      0x1c8 ./Core/Src/main.o
 .debug_macro   0x00015f27      0x220 ./Core/Src/main.o
 .debug_macro   0x00016147       0x5e ./Core/Src/main.o
 .debug_macro   0x000161a5      0x1b7 ./Core/Src/stm32f1xx_hal_msp.o
 .debug_macro   0x0001635c      0x1c1 ./Core/Src/stm32f1xx_it.o
 .debug_macro   0x0001651d      0x1a8 ./Core/Src/system_stm32f1xx.o
 .debug_macro   0x000166c5      0x1cc ./Drivers/STM32F1xx_HAL_Driver/Src/stm32f1xx_hal.o
 .debug_macro   0x00016891      0x1a8 ./Drivers/STM32F1xx_HAL_Driver/Src/stm32f1xx_hal_cortex.o
 .debug_macro   0x00016a39      0x213 ./Drivers/STM32F1xx_HAL_Driver/Src/stm32f1xx_hal_gpio.o
 .debug_macro   0x00016c4c      0x1b4 ./Drivers/STM32F1xx_HAL_Driver/Src/stm32f1xx_hal_pcd.o
 .debug_macro   0x00016e00      0x1a8 ./Drivers/STM32F1xx_HAL_Driver/Src/stm32f1xx_hal_pcd_ex.o
 .debug_macro   0x00016fa8      0x1ba ./Drivers/STM32F1xx_HAL_Driver/Src/stm32f1xx_hal_rcc.o
 .debug_macro   0x00017162      0x1a8 ./Drivers/STM32F1xx_HAL_Driver/Src/stm32f1xx_hal_rcc_ex.o
 .debug_macro   0x0001730a      0x1a8 ./Drivers/STM32F1xx_HAL_Driver/Src/stm32f1xx_ll_usb.o
 .debug_macro   0x000174b2      0x346 ./Middlewares/ST/STM32_USB_Device_Library/Class/HID/Src/usbd_hid.o
 .debug_macro   0x000177f8       0x9e ./Middlewares/ST/STM32_USB_Device_Library/Class/HID/Src/usbd_hid.o
 .debug_macro   0x00017896      0x10b ./Middlewares/ST/STM32_USB_Device_Library/Class/HID/Src/usbd_hid.o
 .debug_macro   0x000179a1       0x56 ./Middlewares/ST/STM32_USB_Device_Library/Class/HID/Src/usbd_hid.o
 .debug_macro   0x000179f7      0x32d ./Middlewares/ST/STM32_USB_Device_Library/Core/Src/usbd_core.o
 .debug_macro   0x00017d24      0x1ce ./Middlewares/ST/STM32_USB_Device_Library/Core/Src/usbd_core.o
 .debug_macro   0x00017ef2      0x337 ./Middlewares/ST/STM32_USB_Device_Library/Core/Src/usbd_ctlreq.o
 .debug_macro   0x00018229      0x333 ./Middlewares/ST/STM32_USB_Device_Library/Core/Src/usbd_ioreq.o
 .debug_macro   0x0001855c      0x35d ./USB_DEVICE/App/usb_device.o
 .debug_macro   0x000188b9       0xb2 ./USB_DEVICE/App/usb_device.o
 .debug_macro   0x0001896b       0x22 ./USB_DEVICE/App/usb_device.o
 .debug_macro   0x0001898d      0x36a ./USB_DEVICE/App/usbd_desc.o
 .debug_macro   0x00018cf7       0x1c ./USB_DEVICE/App/usbd_desc.o
 .debug_macro   0x00018d13      0x34a ./USB_DEVICE/Target/usbd_conf.o

.debug_line     0x00000000     0xcb58
 .debug_line    0x00000000      0xaa6 ./Core/Src/main.o
 .debug_line    0x00000aa6      0x648 ./Core/Src/stm32f1xx_hal_msp.o
 .debug_line    0x000010ee      0x722 ./Core/Src/stm32f1xx_it.o
 .debug_line    0x00001810      0x6c6 ./Core/Src/system_stm32f1xx.o
 .debug_line    0x00001ed6       0x78 ./Core/Startup/startup_stm32f103c8tx.o
 .debug_line    0x00001f4e      0x8f3 ./Drivers/STM32F1xx_HAL_Driver/Src/stm32f1xx_hal.o
 .debug_line    0x00002841      0xadf ./Drivers/STM32F1xx_HAL_Driver/Src/stm32f1xx_hal_cortex.o
 .debug_line    0x00003320      0x98c ./Drivers/STM32F1xx_HAL_Driver/Src/stm32f1xx_hal_gpio.o
 .debug_line    0x00003cac     0x134e ./Drivers/STM32F1xx_HAL_Driver/Src/stm32f1xx_hal_pcd.o
 .debug_line    0x00004ffa      0x6c1 ./Drivers/STM32F1xx_HAL_Driver/Src/stm32f1xx_hal_pcd_ex.o
 .debug_line    0x000056bb      0xcfc ./Drivers/STM32F1xx_HAL_Driver/Src/stm32f1xx_hal_rcc.o
 .debug_line    0x000063b7      0x83d ./Drivers/STM32F1xx_HAL_Driver/Src/stm32f1xx_hal_rcc_ex.o
 .debug_line    0x00006bf4      0xfc4 ./Drivers/STM32F1xx_HAL_Driver/Src/stm32f1xx_ll_usb.o
 .debug_line    0x00007bb8      0xaf4 ./Middlewares/ST/STM32_USB_Device_Library/Class/HID/Src/usbd_hid.o
 .debug_line    0x000086ac      0xcb7 ./Middlewares/ST/STM32_USB_Device_Library/Core/Src/usbd_core.o
 .debug_line    0x00009363      0xef7 ./Middlewares/ST/STM32_USB_Device_Library/Core/Src/usbd_ctlreq.o
 .debug_line    0x0000a25a      0x94d ./Middlewares/ST/STM32_USB_Device_Library/Core/Src/usbd_ioreq.o
 .debug_line    0x0000aba7      0x8f2 ./USB_DEVICE/App/usb_device.o
 .debug_line    0x0000b499      0x9d6 ./USB_DEVICE/App/usbd_desc.o
 .debug_line    0x0000be6f      0xce9 ./USB_DEVICE/Target/usbd_conf.o

.debug_str      0x00000000    0x8483a
 .debug_str     0x00000000    0x82264 ./Core/Src/main.o
                              0x8266e (size before relaxing)
 .debug_str     0x00082264       0x5a ./Core/Src/stm32f1xx_hal_msp.o
                              0x7d874 (size before relaxing)
 .debug_str     0x000822be      0x3f8 ./Core/Src/stm32f1xx_it.o
                              0x7dc48 (size before relaxing)
 .debug_str     0x000826b6       0x7e ./Core/Src/system_stm32f1xx.o
                              0x7d693 (size before relaxing)
 .debug_str     0x00082734       0x44 ./Core/Startup/startup_stm32f103c8tx.o
                                 0x82 (size before relaxing)
 .debug_str     0x00082778      0x607 ./Drivers/STM32F1xx_HAL_Driver/Src/stm32f1xx_hal.o
                              0x7ddc6 (size before relaxing)
 .debug_str     0x00082d7f      0x293 ./Drivers/STM32F1xx_HAL_Driver/Src/stm32f1xx_hal_cortex.o
                              0x7dd12 (size before relaxing)
 .debug_str     0x00083012      0x2e5 ./Drivers/STM32F1xx_HAL_Driver/Src/stm32f1xx_hal_gpio.o
                              0x7da19 (size before relaxing)
 .debug_str     0x000832f7      0x5bd ./Drivers/STM32F1xx_HAL_Driver/Src/stm32f1xx_hal_pcd.o
                              0x7dfa5 (size before relaxing)
 .debug_str     0x000838b4      0x170 ./Drivers/STM32F1xx_HAL_Driver/Src/stm32f1xx_hal_pcd_ex.o
                              0x7db07 (size before relaxing)
 .debug_str     0x00083a24      0x229 ./Drivers/STM32F1xx_HAL_Driver/Src/stm32f1xx_hal_rcc.o
                              0x7dac2 (size before relaxing)
 .debug_str     0x00083c4d       0x9f ./Drivers/STM32F1xx_HAL_Driver/Src/stm32f1xx_hal_rcc_ex.o
                              0x7d812 (size before relaxing)
 .debug_str     0x00083cec      0x129 ./Drivers/STM32F1xx_HAL_Driver/Src/stm32f1xx_ll_usb.o
                              0x7db59 (size before relaxing)
 .debug_str     0x00083e15      0x298 ./Middlewares/ST/STM32_USB_Device_Library/Class/HID/Src/usbd_hid.o
                              0x821f8 (size before relaxing)
 .debug_str     0x000840ad      0x298 ./Middlewares/ST/STM32_USB_Device_Library/Core/Src/usbd_core.o
                              0x82093 (size before relaxing)
 .debug_str     0x00084345      0x11b ./Middlewares/ST/STM32_USB_Device_Library/Core/Src/usbd_ctlreq.o
                              0x81fad (size before relaxing)
 .debug_str     0x00084460       0x79 ./Middlewares/ST/STM32_USB_Device_Library/Core/Src/usbd_ioreq.o
                              0x81eda (size before relaxing)
 .debug_str     0x000844d9       0xa2 ./USB_DEVICE/App/usb_device.o
                              0x8204f (size before relaxing)
 .debug_str     0x0008457b      0x247 ./USB_DEVICE/App/usbd_desc.o
                              0x81e05 (size before relaxing)
 .debug_str     0x000847c2       0x78 ./USB_DEVICE/Target/usbd_conf.o
                              0x82b82 (size before relaxing)

.comment        0x00000000       0x43
 .comment       0x00000000       0x43 ./Core/Src/main.o
                                 0x44 (size before relaxing)
 .comment       0x00000043       0x44 ./Core/Src/stm32f1xx_hal_msp.o
 .comment       0x00000043       0x44 ./Core/Src/stm32f1xx_it.o
 .comment       0x00000043       0x44 ./Core/Src/system_stm32f1xx.o
 .comment       0x00000043       0x44 ./Drivers/STM32F1xx_HAL_Driver/Src/stm32f1xx_hal.o
 .comment       0x00000043       0x44 ./Drivers/STM32F1xx_HAL_Driver/Src/stm32f1xx_hal_cortex.o
 .comment       0x00000043       0x44 ./Drivers/STM32F1xx_HAL_Driver/Src/stm32f1xx_hal_gpio.o
 .comment       0x00000043       0x44 ./Drivers/STM32F1xx_HAL_Driver/Src/stm32f1xx_hal_pcd.o
 .comment       0x00000043       0x44 ./Drivers/STM32F1xx_HAL_Driver/Src/stm32f1xx_hal_pcd_ex.o
 .comment       0x00000043       0x44 ./Drivers/STM32F1xx_HAL_Driver/Src/stm32f1xx_hal_rcc.o
 .comment       0x00000043       0x44 ./Drivers/STM32F1xx_HAL_Driver/Src/stm32f1xx_hal_rcc_ex.o
 .comment       0x00000043       0x44 ./Drivers/STM32F1xx_HAL_Driver/Src/stm32f1xx_ll_usb.o
 .comment       0x00000043       0x44 ./Middlewares/ST/STM32_USB_Device_Library/Class/HID/Src/usbd_hid.o
 .comment       0x00000043       0x44 ./Middlewares/ST/STM32_USB_Device_Library/Core/Src/usbd_core.o
 .comment       0x00000043       0x44 ./Middlewares/ST/STM32_USB_Device_Library/Core/Src/usbd_ctlreq.o
 .comment       0x00000043       0x44 ./Middlewares/ST/STM32_USB_Device_Library/Core/Src/usbd_ioreq.o
 .comment       0x00000043       0x44 ./USB_DEVICE/App/usb_device.o
 .comment       0x00000043       0x44 ./USB_DEVICE/App/usbd_desc.o
 .comment       0x00000043       0x44 ./USB_DEVICE/Target/usbd_conf.o

.debug_frame    0x00000000     0x26a0
 .debug_frame   0x00000000       0x94 ./Core/Src/main.o
 .debug_frame   0x00000094       0x38 ./Core/Src/stm32f1xx_hal_msp.o
 .debug_frame   0x000000cc      0x120 ./Core/Src/stm32f1xx_it.o
 .debug_frame   0x000001ec       0x58 ./Core/Src/system_stm32f1xx.o
 .debug_frame   0x00000244      0x334 ./Drivers/STM32F1xx_HAL_Driver/Src/stm32f1xx_hal.o
 .debug_frame   0x00000578      0x428 ./Drivers/STM32F1xx_HAL_Driver/Src/stm32f1xx_hal_cortex.o
 .debug_frame   0x000009a0      0x14c ./Drivers/STM32F1xx_HAL_Driver/Src/stm32f1xx_hal_gpio.o
 .debug_frame   0x00000aec      0x59c ./Drivers/STM32F1xx_HAL_Driver/Src/stm32f1xx_hal_pcd.o
 .debug_frame   0x00001088       0xb0 ./Drivers/STM32F1xx_HAL_Driver/Src/stm32f1xx_hal_pcd_ex.o
 .debug_frame   0x00001138      0x218 ./Drivers/STM32F1xx_HAL_Driver/Src/stm32f1xx_hal_rcc.o
 .debug_frame   0x00001350       0x80 ./Drivers/STM32F1xx_HAL_Driver/Src/stm32f1xx_hal_rcc_ex.o
 .debug_frame   0x000013d0      0x478 ./Drivers/STM32F1xx_HAL_Driver/Src/stm32f1xx_ll_usb.o
 .debug_frame   0x00001848      0x190 ./Middlewares/ST/STM32_USB_Device_Library/Class/HID/Src/usbd_hid.o
 .debug_frame   0x000019d8      0x300 ./Middlewares/ST/STM32_USB_Device_Library/Core/Src/usbd_core.o
 .debug_frame   0x00001cd8      0x218 ./Middlewares/ST/STM32_USB_Device_Library/Core/Src/usbd_ctlreq.o
 .debug_frame   0x00001ef0      0x10c ./Middlewares/ST/STM32_USB_Device_Library/Core/Src/usbd_ioreq.o
 .debug_frame   0x00001ffc       0x2c ./USB_DEVICE/App/usb_device.o
 .debug_frame   0x00002028      0x160 ./USB_DEVICE/App/usbd_desc.o
 .debug_frame   0x00002188      0x4a4 ./USB_DEVICE/Target/usbd_conf.o
 .debug_frame   0x0000262c       0x20 /opt/st/stm32cubeide_1.15.1/plugins/com.st.stm32cube.ide.mcu.externaltools.gnu-tools-for-stm32.12.3.rel1.linux64_1.0.100.202403111256/tools/bin/../lib/gcc/arm-none-eabi/12.3.1/../../../../arm-none-eabi/lib/thumb/v7-m/nofp/libc_nano.a(libc_a-memset.o)
 .debug_frame   0x0000264c       0x2c /opt/st/stm32cubeide_1.15.1/plugins/com.st.stm32cube.ide.mcu.externaltools.gnu-tools-for-stm32.12.3.rel1.linux64_1.0.100.202403111256/tools/bin/../lib/gcc/arm-none-eabi/12.3.1/../../../../arm-none-eabi/lib/thumb/v7-m/nofp/libc_nano.a(libc_a-init.o)
 .debug_frame   0x00002678       0x28 /opt/st/stm32cubeide_1.15.1/plugins/com.st.stm32cube.ide.mcu.externaltools.gnu-tools-for-stm32.12.3.rel1.linux64_1.0.100.202403111256/tools/bin/../lib/gcc/arm-none-eabi/12.3.1/../../../../arm-none-eabi/lib/thumb/v7-m/nofp/libc_nano.a(libc_a-memcpy-stub.o)

.debug_line_str
                0x00000000       0x66
 .debug_line_str
                0x00000000       0x66 ./Core/Startup/startup_stm32f103c8tx.o
