Archive member included to satisfy reference by file (symbol)

/opt/st/stm32cubeide_1.15.1/plugins/com.st.stm32cube.ide.mcu.externaltools.gnu-tools-for-stm32.12.3.rel1.linux64_1.0.100.202403111256/tools/bin/../lib/gcc/arm-none-eabi/12.3.1/../../../../arm-none-eabi/lib/thumb/v7-m/nofp/libc_nano.a(libc_a-exit.o)
                              /opt/st/stm32cubeide_1.15.1/plugins/com.st.stm32cube.ide.mcu.externaltools.gnu-tools-for-stm32.12.3.rel1.linux64_1.0.100.202403111256/tools/bin/../lib/gcc/arm-none-eabi/12.3.1/../../../../arm-none-eabi/lib/thumb/v7-m/nofp/crt0.o (exit)
/opt/st/stm32cubeide_1.15.1/plugins/com.st.stm32cube.ide.mcu.externaltools.gnu-tools-for-stm32.12.3.rel1.linux64_1.0.100.202403111256/tools/bin/../lib/gcc/arm-none-eabi/12.3.1/../../../../arm-none-eabi/lib/thumb/v7-m/nofp/libc_nano.a(libc_a-findfp.o)
                              /opt/st/stm32cubeide_1.15.1/plugins/com.st.stm32cube.ide.mcu.externaltools.gnu-tools-for-stm32.12.3.rel1.linux64_1.0.100.202403111256/tools/bin/../lib/gcc/arm-none-eabi/12.3.1/../../../../arm-none-eabi/lib/thumb/v7-m/nofp/libc_nano.a(libc_a-exit.o) (__stdio_exit_handler)
/opt/st/stm32cubeide_1.15.1/plugins/com.st.stm32cube.ide.mcu.externaltools.gnu-tools-for-stm32.12.3.rel1.linux64_1.0.100.202403111256/tools/bin/../lib/gcc/arm-none-eabi/12.3.1/../../../../arm-none-eabi/lib/thumb/v7-m/nofp/libc_nano.a(libc_a-fwalk.o)
                              /opt/st/stm32cubeide_1.15.1/plugins/com.st.stm32cube.ide.mcu.externaltools.gnu-tools-for-stm32.12.3.rel1.linux64_1.0.100.202403111256/tools/bin/../lib/gcc/arm-none-eabi/12.3.1/../../../../arm-none-eabi/lib/thumb/v7-m/nofp/libc_nano.a(libc_a-findfp.o) (_fwalk_sglue)
/opt/st/stm32cubeide_1.15.1/plugins/com.st.stm32cube.ide.mcu.externaltools.gnu-tools-for-stm32.12.3.rel1.linux64_1.0.100.202403111256/tools/bin/../lib/gcc/arm-none-eabi/12.3.1/../../../../arm-none-eabi/lib/thumb/v7-m/nofp/libc_nano.a(libc_a-stdio.o)
                              /opt/st/stm32cubeide_1.15.1/plugins/com.st.stm32cube.ide.mcu.externaltools.gnu-tools-for-stm32.12.3.rel1.linux64_1.0.100.202403111256/tools/bin/../lib/gcc/arm-none-eabi/12.3.1/../../../../arm-none-eabi/lib/thumb/v7-m/nofp/libc_nano.a(libc_a-findfp.o) (__sread)
/opt/st/stm32cubeide_1.15.1/plugins/com.st.stm32cube.ide.mcu.externaltools.gnu-tools-for-stm32.12.3.rel1.linux64_1.0.100.202403111256/tools/bin/../lib/gcc/arm-none-eabi/12.3.1/../../../../arm-none-eabi/lib/thumb/v7-m/nofp/libc_nano.a(libc_a-memset.o)
                              /opt/st/stm32cubeide_1.15.1/plugins/com.st.stm32cube.ide.mcu.externaltools.gnu-tools-for-stm32.12.3.rel1.linux64_1.0.100.202403111256/tools/bin/../lib/gcc/arm-none-eabi/12.3.1/../../../../arm-none-eabi/lib/thumb/v7-m/nofp/crt0.o (memset)
/opt/st/stm32cubeide_1.15.1/plugins/com.st.stm32cube.ide.mcu.externaltools.gnu-tools-for-stm32.12.3.rel1.linux64_1.0.100.202403111256/tools/bin/../lib/gcc/arm-none-eabi/12.3.1/../../../../arm-none-eabi/lib/thumb/v7-m/nofp/libc_nano.a(libc_a-closer.o)
                              /opt/st/stm32cubeide_1.15.1/plugins/com.st.stm32cube.ide.mcu.externaltools.gnu-tools-for-stm32.12.3.rel1.linux64_1.0.100.202403111256/tools/bin/../lib/gcc/arm-none-eabi/12.3.1/../../../../arm-none-eabi/lib/thumb/v7-m/nofp/libc_nano.a(libc_a-stdio.o) (_close_r)
/opt/st/stm32cubeide_1.15.1/plugins/com.st.stm32cube.ide.mcu.externaltools.gnu-tools-for-stm32.12.3.rel1.linux64_1.0.100.202403111256/tools/bin/../lib/gcc/arm-none-eabi/12.3.1/../../../../arm-none-eabi/lib/thumb/v7-m/nofp/libc_nano.a(libc_a-reent.o)
                              /opt/st/stm32cubeide_1.15.1/plugins/com.st.stm32cube.ide.mcu.externaltools.gnu-tools-for-stm32.12.3.rel1.linux64_1.0.100.202403111256/tools/bin/../lib/gcc/arm-none-eabi/12.3.1/../../../../arm-none-eabi/lib/thumb/v7-m/nofp/libc_nano.a(libc_a-closer.o) (errno)
/opt/st/stm32cubeide_1.15.1/plugins/com.st.stm32cube.ide.mcu.externaltools.gnu-tools-for-stm32.12.3.rel1.linux64_1.0.100.202403111256/tools/bin/../lib/gcc/arm-none-eabi/12.3.1/../../../../arm-none-eabi/lib/thumb/v7-m/nofp/libc_nano.a(libc_a-impure.o)
                              /opt/st/stm32cubeide_1.15.1/plugins/com.st.stm32cube.ide.mcu.externaltools.gnu-tools-for-stm32.12.3.rel1.linux64_1.0.100.202403111256/tools/bin/../lib/gcc/arm-none-eabi/12.3.1/../../../../arm-none-eabi/lib/thumb/v7-m/nofp/libc_nano.a(libc_a-reent.o) (_impure_ptr)
/opt/st/stm32cubeide_1.15.1/plugins/com.st.stm32cube.ide.mcu.externaltools.gnu-tools-for-stm32.12.3.rel1.linux64_1.0.100.202403111256/tools/bin/../lib/gcc/arm-none-eabi/12.3.1/../../../../arm-none-eabi/lib/thumb/v7-m/nofp/libc_nano.a(libc_a-lseekr.o)
                              /opt/st/stm32cubeide_1.15.1/plugins/com.st.stm32cube.ide.mcu.externaltools.gnu-tools-for-stm32.12.3.rel1.linux64_1.0.100.202403111256/tools/bin/../lib/gcc/arm-none-eabi/12.3.1/../../../../arm-none-eabi/lib/thumb/v7-m/nofp/libc_nano.a(libc_a-stdio.o) (_lseek_r)
[...]
Memory Configuration

Name             Origin             Length             Attributes
RAM              0x20000000         0x00005000         xrw
FLASH            0x08000000         0x00010000         xr
*default*        0x00000000         0xffffffff

Linker script and memory map

LOAD /opt/st/stm32cubeide_1.15.1/plugins/com.st.stm32cube.ide.mcu.externaltools.gnu-tools-for-stm32.12.3.rel1.linux64_1.0.100.202403111256/tools/bin/../lib/gcc/arm-none-eabi/12.3.1/thumb/v7-m/nofp/crti.o
LOAD /opt/st/stm32cubeide_1.15.1/plugins/com.st.stm32cube.ide.mcu.externaltools.gnu-tools-for-stm32.12.3.rel1.linux64_1.0.100.202403111256/tools/bin/../lib/gcc/arm-none-eabi/12.3.1/thumb/v7-m/nofp/crtbegin.o
LOAD /opt/st/stm32cubeide_1.15.1/plugins/com.st.stm32cube.ide.mcu.externaltools.gnu-tools-for-stm32.12.3.rel1.linux64_1.0.100.202403111256/tools/bin/../lib/gcc/arm-none-eabi/12.3.1/../../../../arm-none-eabi/lib/thumb/v7-m/nofp/crt0.o
LOAD ./Core/Src/main.o
LOAD ./Core/Src/stm32f1xx_hal_msp.o
LOAD ./Core/Src/stm32f1xx_it.o
LOAD ./Core/Src/syscalls.o
LOAD ./Core/Src/sysmem.o
LOAD ./Core/Src/system_stm32f1xx.o
LOAD ./Core/Startup/startup_stm32f103c8tx.o
LOAD ./Drivers/STM32F1xx_HAL_Driver/Src/stm32f1xx_hal.o
LOAD ./Drivers/STM32F1xx_HAL_Driver/Src/stm32f1xx_hal_cortex.o
LOAD ./Drivers/STM32F1xx_HAL_Driver/Src/stm32f1xx_hal_dma.o
LOAD ./Drivers/STM32F1xx_HAL_Driver/Src/stm32f1xx_hal_exti.o
LOAD ./Drivers/STM32F1xx_HAL_Driver/Src/stm32f1xx_hal_flash.o
LOAD ./Drivers/STM32F1xx_HAL_Driver/Src/stm32f1xx_hal_flash_ex.o
LOAD ./Drivers/STM32F1xx_HAL_Driver/Src/stm32f1xx_hal_gpio.o
LOAD ./Drivers/STM32F1xx_HAL_Driver/Src/stm32f1xx_hal_gpio_ex.o
LOAD ./Drivers/STM32F1xx_HAL_Driver/Src/stm32f1xx_hal_pcd.o
LOAD ./Drivers/STM32F1xx_HAL_Driver/Src/stm32f1xx_hal_pcd_ex.o
LOAD ./Drivers/STM32F1xx_HAL_Driver/Src/stm32f1xx_hal_pwr.o
LOAD ./Drivers/STM32F1xx_HAL_Driver/Src/stm32f1xx_hal_rcc.o
LOAD ./Drivers/STM32F1xx_HAL_Driver/Src/stm32f1xx_hal_rcc_ex.o
LOAD ./Drivers/STM32F1xx_HAL_Driver/Src/stm32f1xx_hal_tim.o
LOAD ./Drivers/STM32F1xx_HAL_Driver/Src/stm32f1xx_hal_tim_ex.o
LOAD ./Drivers/STM32F1xx_HAL_Driver/Src/stm32f1xx_ll_usb.o
LOAD ./Middlewares/ST/STM32_USB_Device_Library/Class/HID/Src/usbd_hid.o
LOAD ./Middlewares/ST/STM32_USB_Device_Library/Core/Src/usbd_core.o
LOAD ./Middlewares/ST/STM32_USB_Device_Library/Core/Src/usbd_ctlreq.o
LOAD ./Middlewares/ST/STM32_USB_Device_Library/Core/Src/usbd_ioreq.o
LOAD ./USB_DEVICE/App/usb_device.o
LOAD ./USB_DEVICE/App/usbd_desc.o
LOAD ./USB_DEVICE/Target/usbd_conf.o
START GROUP
LOAD /opt/st/stm32cubeide_1.15.1/plugins/com.st.stm32cube.ide.mcu.externaltools.gnu-tools-for-stm32.12.3.rel1.linux64_1.0.100.202403111256/tools/bin/../lib/gcc/arm-none-eabi/12.3.1/../../../../arm-none-eabi/lib/thumb/v7-m/nofp/libc_nano.a
LOAD /opt/st/stm32cubeide_1.15.1/plugins/com.st.stm32cube.ide.mcu.externaltools.gnu-tools-for-stm32.12.3.rel1.linux64_1.0.100.202403111256/tools/bin/../lib/gcc/arm-none-eabi/12.3.1/../../../../arm-none-eabi/lib/thumb/v7-m/nofp/libm.a
END GROUP
START GROUP
LOAD /opt/st/stm32cubeide_1.15.1/plugins/com.st.stm32cube.ide.mcu.externaltools.gnu-tools-for-stm32.12.3.rel1.linux64_1.0.100.202403111256/tools/bin/../lib/gcc/arm-none-eabi/12.3.1/thumb/v7-m/nofp/libgcc.a
LOAD /opt/st/stm32cubeide_1.15.1/plugins/com.st.stm32cube.ide.mcu.externaltools.gnu-tools-for-stm32.12.3.rel1.linux64_1.0.100.202403111256/tools/bin/../lib/gcc/arm-none-eabi/12.3.1/../../../../arm-none-eabi/lib/thumb/v7-m/nofp/libc_nano.a
END GROUP
START GROUP
LOAD /opt/st/stm32cubeide_1.15.1/plugins/com.st.stm32cube.ide.mcu.externaltools.gnu-tools-for-stm32.12.3.rel1.linux64_1.0.100.202403111256/tools/bin/../lib/gcc/arm-none-eabi/12.3.1/thumb/v7-m/nofp/libgcc.a
LOAD /opt/st/stm32cubeide_1.15.1/plugins/com.st.stm32cube.ide.mcu.externaltools.gnu-tools-for-stm32.12.3.rel1.linux64_1.0.100.202403111256/tools/bin/../lib/gcc/arm-none-eabi/12.3.1/../../../../arm-none-eabi/lib/thumb/v7-m/nofp/libc_nano.a
LOAD /opt/st/stm32cubeide_1.15.1/plugins/com.st.stm32cube.ide.mcu.externaltools.gnu-tools-for-stm32.12.3.rel1.linux64_1.0.100.202403111256/tools/bin/../lib/gcc/arm-none-eabi/12.3.1/../../../../arm-none-eabi/lib/thumb/v7-m/nofp/libnosys.a
END GROUP
START GROUP
LOAD /opt/st/stm32cubeide_1.15.1/plugins/com.st.stm32cube.ide.mcu.externaltools.gnu-tools-for-stm32.12.3.rel1.linux64_1.0.100.202403111256/tools/bin/../lib/gcc/arm-none-eabi/12.3.1/thumb/v7-m/nofp/libgcc.a
LOAD /opt/st/stm32cubeide_1.15.1/plugins/com.st.stm32cube.ide.mcu.externaltools.gnu-tools-for-stm32.12.3.rel1.linux64_1.0.100.202403111256/tools/bin/../lib/gcc/arm-none-eabi/12.3.1/../../../../arm-none-eabi/lib/thumb/v7-m/nofp/libc_nano.a
LOAD /opt/st/stm32cubeide_1.15.1/plugins/com.st.stm32cube.ide.mcu.externaltools.gnu-tools-for-stm32.12.3.rel1.linux64_1.0.100.202403111256/tools/bin/../lib/gcc/arm-none-eabi/12.3.1/../../../../arm-none-eabi/lib/thumb/v7-m/nofp/libnosys.a
END GROUP
LOAD /opt/st/stm32cubeide_1.15.1/plugins/com.st.stm32cube.ide.mcu.externaltools.gnu-tools-for-stm32.12.3.rel1.linux64_1.0.100.202403111256/tools/bin/../lib/gcc/arm-none-eabi/12.3.1/thumb/v7-m/nofp/crtend.o
LOAD /opt/st/stm32cubeide_1.15.1/plugins/com.st.stm32cube.ide.mcu.externaltools.gnu-tools-for-stm32.12.3.rel1.linux64_1.0.100.202403111256/tools/bin/../lib/gcc/arm-none-eabi/12.3.1/thumb/v7-m/nofp/crtn.o
                0x20005000                        _estack = (ORIGIN (RAM) + LENGTH (RAM))
                0x00000200                        _Min_Heap_Size = 0x200
                0x00000400                        _Min_Stack_Size = 0x400

.isr_vector     0x08000000      0x10c
                0x08000000                        . = ALIGN (0x4)
 *(.isr_vector)
 .isr_vector    0x08000000      0x10c ./Core/Startup/startup_stm32f103c8tx.o
                0x08000000                g_pfnVectors
                0x0800010c                        . = ALIGN (0x4)

.text           0x0800010c     0x7c30
                0x0800010c                        . = ALIGN (0x4)
 *(.text)
 .text          0x0800010c       0x40 /opt/st/stm32cubeide_1.15.1/plugins/com.st.stm32cube.ide.mcu.externaltools.gnu-tools-for-stm32.12.3.rel1.linux64_1.0.100.202403111256/tools/bin/../lib/gcc/arm-none-eabi/12.3.1/thumb/v7-m/nofp/crtbegin.o
 *(.text*)
 .text.main     0x0800014c      0xb58 ./Core/Src/main.o
                0x0800014c                main
 .text.SystemClock_Config
                0x08000ca4       0xb4 ./Core/Src/main.o
                0x08000ca4                SystemClock_Config
 .text.MX_GPIO_Init
                0x08000d58       0xcc ./Core/Src/main.o
 .text.Error_Handler
                0x08000e24        0xc ./Core/Src/main.o
                0x08000e24                Error_Handler
 .text.HAL_MspInit
                0x08000e30       0x64 ./Core/Src/stm32f1xx_hal_msp.o
                0x08000e30                HAL_MspInit
 .text.NMI_Handler
                0x08000e94        0x8 ./Core/Src/stm32f1xx_it.o
                0x08000e94                NMI_Handler
 .text.HardFault_Handler
                0x08000e9c        0x8 ./Core/Src/stm32f1xx_it.o
                0x08000e9c                HardFault_Handler
 .text.MemManage_Handler
                0x08000ea4        0x8 ./Core/Src/stm32f1xx_it.o
                0x08000ea4                MemManage_Handler
 .text.BusFault_Handler
                0x08000eac        0x8 ./Core/Src/stm32f1xx_it.o
                0x08000eac                BusFault_Handler
 .text.UsageFault_Handler
                0x08000eb4        0x8 ./Core/Src/stm32f1xx_it.o
                0x08000eb4                UsageFault_Handler
 .text.SVC_Handler
                0x08000ebc        0xc ./Core/Src/stm32f1xx_it.o
                0x08000ebc                SVC_Handler
 .text.DebugMon_Handler
                0x08000ec8        0xc ./Core/Src/stm32f1xx_it.o
                0x08000ec8                DebugMon_Handler
 .text.PendSV_Handler
                0x08000ed4        0xc ./Core/Src/stm32f1xx_it.o
                0x08000ed4                PendSV_Handler
 .text.SysTick_Handler
                0x08000ee0        0xc ./Core/Src/stm32f1xx_it.o
                0x08000ee0                SysTick_Handler
 .text.USB_LP_CAN1_RX0_IRQHandler
                0x08000eec       0x14 ./Core/Src/stm32f1xx_it.o
                0x08000eec                USB_LP_CAN1_RX0_IRQHandler
 .text.SystemInit
                0x08000f00        0xc ./Core/Src/system_stm32f1xx.o
                0x08000f00                SystemInit
 .text.Reset_Handler
                0x08000f0c       0x48 ./Core/Startup/startup_stm32f103c8tx.o
                0x08000f0c                Reset_Handler
 .text.Default_Handler
                0x08000f54        0x2 ./Core/Startup/startup_stm32f103c8tx.o
                0x08000f54                RTC_Alarm_IRQHandler
                0x08000f54                EXTI2_IRQHandler
                0x08000f54                TIM1_CC_IRQHandler
                0x08000f54                PVD_IRQHandler
                0x08000f54                EXTI3_IRQHandler
                0x08000f54                EXTI0_IRQHandler
                0x08000f54                I2C2_EV_IRQHandler
                0x08000f54                ADC1_2_IRQHandler
                0x08000f54                SPI1_IRQHandler
                0x08000f54                TAMPER_IRQHandler
                0x08000f54                DMA1_Channel4_IRQHandler
                0x08000f54                USART3_IRQHandler
                0x08000f54                RTC_IRQHandler
                0x08000f54                DMA1_Channel7_IRQHandler
                0x08000f54                CAN1_RX1_IRQHandler
                0x08000f54                TIM4_IRQHandler
                0x08000f54                I2C1_EV_IRQHandler
                0x08000f54                DMA1_Channel6_IRQHandler
                0x08000f54                TIM3_IRQHandler
                0x08000f54                RCC_IRQHandler
                0x08000f54                TIM1_TRG_COM_IRQHandler
                0x08000f54                DMA1_Channel1_IRQHandler
                0x08000f54                Default_Handler
                0x08000f54                EXTI15_10_IRQHandler
                0x08000f54                EXTI9_5_IRQHandler
                0x08000f54                SPI2_IRQHandler
                0x08000f54                DMA1_Channel5_IRQHandler
                0x08000f54                EXTI4_IRQHandler
                0x08000f54                USB_HP_CAN1_TX_IRQHandler
                0x08000f54                DMA1_Channel3_IRQHandler
                0x08000f54                TIM1_UP_IRQHandler
                0x08000f54                WWDG_IRQHandler
                0x08000f54                TIM2_IRQHandler
                0x08000f54                TIM1_BRK_IRQHandler
                0x08000f54                EXTI1_IRQHandler
                0x08000f54                USART2_IRQHandler
                0x08000f54                I2C2_ER_IRQHandler
                0x08000f54                DMA1_Channel2_IRQHandler
                0x08000f54                CAN1_SCE_IRQHandler
                0x08000f54                FLASH_IRQHandler
                0x08000f54                USART1_IRQHandler
                0x08000f54                I2C1_ER_IRQHandler
                0x08000f54                USBWakeUp_IRQHandler
 *fill*         0x08000f56        0x2 
 .text.HAL_Init
                0x08000f58       0x2c ./Drivers/STM32F1xx_HAL_Driver/Src/stm32f1xx_hal.o
                0x08000f58                HAL_Init
 .text.HAL_InitTick
                0x08000f84       0x60 ./Drivers/STM32F1xx_HAL_Driver/Src/stm32f1xx_hal.o
                0x08000f84                HAL_InitTick
 .text.HAL_IncTick
                0x08000fe4       0x24 ./Drivers/STM32F1xx_HAL_Driver/Src/stm32f1xx_hal.o
                0x08000fe4                HAL_IncTick
 .text.HAL_GetTick
                0x08001008       0x14 ./Drivers/STM32F1xx_HAL_Driver/Src/stm32f1xx_hal.o
                0x08001008                HAL_GetTick
 .text.HAL_Delay
                0x0800101c       0x48 ./Drivers/STM32F1xx_HAL_Driver/Src/stm32f1xx_hal.o
                0x0800101c                HAL_Delay
 .text.__NVIC_SetPriorityGrouping
                0x08001064       0x48 ./Drivers/STM32F1xx_HAL_Driver/Src/stm32f1xx_hal_cortex.o
 .text.__NVIC_GetPriorityGrouping
                0x080010ac       0x1c ./Drivers/STM32F1xx_HAL_Driver/Src/stm32f1xx_hal_cortex.o
 .text.__NVIC_EnableIRQ
                0x080010c8       0x38 ./Drivers/STM32F1xx_HAL_Driver/Src/stm32f1xx_hal_cortex.o
 .text.__NVIC_SetPriority
                0x08001100       0x54 ./Drivers/STM32F1xx_HAL_Driver/Src/stm32f1xx_hal_cortex.o
 .text.NVIC_EncodePriority
                0x08001154       0x64 ./Drivers/STM32F1xx_HAL_Driver/Src/stm32f1xx_hal_cortex.o
 .text.SysTick_Config
                0x080011b8       0x44 ./Drivers/STM32F1xx_HAL_Driver/Src/stm32f1xx_hal_cortex.o
 .text.HAL_NVIC_SetPriorityGrouping
                0x080011fc       0x16 ./Drivers/STM32F1xx_HAL_Driver/Src/stm32f1xx_hal_cortex.o
                0x080011fc                HAL_NVIC_SetPriorityGrouping
 .text.HAL_NVIC_SetPriority
                0x08001212       0x38 ./Drivers/STM32F1xx_HAL_Driver/Src/stm32f1xx_hal_cortex.o
                0x08001212                HAL_NVIC_SetPriority
 .text.HAL_NVIC_EnableIRQ
                0x0800124a       0x1c ./Drivers/STM32F1xx_HAL_Driver/Src/stm32f1xx_hal_cortex.o
                0x0800124a                HAL_NVIC_EnableIRQ
 .text.HAL_SYSTICK_Config
                0x08001266       0x18 ./Drivers/STM32F1xx_HAL_Driver/Src/stm32f1xx_hal_cortex.o
                0x08001266                HAL_SYSTICK_Config
 *fill*         0x0800127e        0x2 
 .text.HAL_GPIO_Init
                0x08001280      0x308 ./Drivers/STM32F1xx_HAL_Driver/Src/stm32f1xx_hal_gpio.o
                0x08001280                HAL_GPIO_Init
 .text.HAL_GPIO_ReadPin
                0x08001588       0x2e ./Drivers/STM32F1xx_HAL_Driver/Src/stm32f1xx_hal_gpio.o
                0x08001588                HAL_GPIO_ReadPin
 .text.HAL_GPIO_WritePin
                0x080015b6       0x30 ./Drivers/STM32F1xx_HAL_Driver/Src/stm32f1xx_hal_gpio.o
                0x080015b6                HAL_GPIO_WritePin
 .text.HAL_PCD_Init
                0x080015e6      0x1fe ./Drivers/STM32F1xx_HAL_Driver/Src/stm32f1xx_hal_pcd.o
                0x080015e6                HAL_PCD_Init
 .text.HAL_PCD_Start
                0x080017e4       0x4c ./Drivers/STM32F1xx_HAL_Driver/Src/stm32f1xx_hal_pcd.o
                0x080017e4                HAL_PCD_Start
 .text.HAL_PCD_IRQHandler
                0x08001830      0x260 ./Drivers/STM32F1xx_HAL_Driver/Src/stm32f1xx_hal_pcd.o
                0x08001830                HAL_PCD_IRQHandler
 .text.HAL_PCD_SetAddress
                0x08001a90       0x4a ./Drivers/STM32F1xx_HAL_Driver/Src/stm32f1xx_hal_pcd.o
                0x08001a90                HAL_PCD_SetAddress
 .text.HAL_PCD_EP_Open
                0x08001ada       0xba ./Drivers/STM32F1xx_HAL_Driver/Src/stm32f1xx_hal_pcd.o
                0x08001ada                HAL_PCD_EP_Open
 .text.HAL_PCD_EP_Close
                0x08001b94       0x90 ./Drivers/STM32F1xx_HAL_Driver/Src/stm32f1xx_hal_pcd.o
                0x08001b94                HAL_PCD_EP_Close
 .text.HAL_PCD_EP_Receive
                0x08001c24       0x62 ./Drivers/STM32F1xx_HAL_Driver/Src/stm32f1xx_hal_pcd.o
                0x08001c24                HAL_PCD_EP_Receive
 .text.HAL_PCD_EP_Transmit
                0x08001c86       0x6e ./Drivers/STM32F1xx_HAL_Driver/Src/stm32f1xx_hal_pcd.o
                0x08001c86                HAL_PCD_EP_Transmit
 .text.HAL_PCD_EP_SetStall
                0x08001cf4       0xc0 ./Drivers/STM32F1xx_HAL_Driver/Src/stm32f1xx_hal_pcd.o
                0x08001cf4                HAL_PCD_EP_SetStall
 .text.HAL_PCD_EP_ClrStall
                0x08001db4       0xa8 ./Drivers/STM32F1xx_HAL_Driver/Src/stm32f1xx_hal_pcd.o
                0x08001db4                HAL_PCD_EP_ClrStall
 .text.PCD_EP_ISR_Handler
                0x08001e5c      0x7a4 ./Drivers/STM32F1xx_HAL_Driver/Src/stm32f1xx_hal_pcd.o
 .text.HAL_PCD_EP_DB_Receive
                0x08002600      0x21a ./Drivers/STM32F1xx_HAL_Driver/Src/stm32f1xx_hal_pcd.o
 .text.HAL_PCD_EP_DB_Transmit
                0x0800281a      0x7f4 ./Drivers/STM32F1xx_HAL_Driver/Src/stm32f1xx_hal_pcd.o
 .text.HAL_PCDEx_PMAConfig
                0x0800300e       0x84 ./Drivers/STM32F1xx_HAL_Driver/Src/stm32f1xx_hal_pcd_ex.o
                0x0800300e                HAL_PCDEx_PMAConfig
 *fill*         0x08003092        0x2 
 .text.HAL_RCC_OscConfig
                0x08003094      0x504 ./Drivers/STM32F1xx_HAL_Driver/Src/stm32f1xx_hal_rcc.o
                0x08003094                HAL_RCC_OscConfig
 .text.HAL_RCC_ClockConfig
                0x08003598      0x1d4 ./Drivers/STM32F1xx_HAL_Driver/Src/stm32f1xx_hal_rcc.o
                0x08003598                HAL_RCC_ClockConfig
 .text.HAL_RCC_GetSysClockFreq
                0x0800376c       0xa8 ./Drivers/STM32F1xx_HAL_Driver/Src/stm32f1xx_hal_rcc.o
                0x0800376c                HAL_RCC_GetSysClockFreq
 .text.RCC_Delay
                0x08003814       0x3c ./Drivers/STM32F1xx_HAL_Driver/Src/stm32f1xx_hal_rcc.o
 .text.HAL_RCCEx_PeriphCLKConfig
                0x08003850      0x16c ./Drivers/STM32F1xx_HAL_Driver/Src/stm32f1xx_hal_rcc_ex.o
                0x08003850                HAL_RCCEx_PeriphCLKConfig
 .text.USB_CoreInit
                0x080039bc       0x20 ./Drivers/STM32F1xx_HAL_Driver/Src/stm32f1xx_ll_usb.o
                0x080039bc                USB_CoreInit
 .text.USB_EnableGlobalInt
                0x080039dc       0x2c ./Drivers/STM32F1xx_HAL_Driver/Src/stm32f1xx_ll_usb.o
                0x080039dc                USB_EnableGlobalInt
 .text.USB_DisableGlobalInt
                0x08003a08       0x34 ./Drivers/STM32F1xx_HAL_Driver/Src/stm32f1xx_ll_usb.o
                0x08003a08                USB_DisableGlobalInt
 .text.USB_SetCurrentMode
                0x08003a3c       0x18 ./Drivers/STM32F1xx_HAL_Driver/Src/stm32f1xx_ll_usb.o
                0x08003a3c                USB_SetCurrentMode
 .text.USB_DevInit
                0x08003a54       0x40 ./Drivers/STM32F1xx_HAL_Driver/Src/stm32f1xx_ll_usb.o
                0x08003a54                USB_DevInit
 .text.USB_ActivateEndpoint
                0x08003a94      0x780 ./Drivers/STM32F1xx_HAL_Driver/Src/stm32f1xx_ll_usb.o
                0x08003a94                USB_ActivateEndpoint
 .text.USB_DeactivateEndpoint
                0x08004214      0x3d8 ./Drivers/STM32F1xx_HAL_Driver/Src/stm32f1xx_ll_usb.o
                0x08004214                USB_DeactivateEndpoint
 .text.USB_EPStartXfer
                0x080045ec     0x1762 ./Drivers/STM32F1xx_HAL_Driver/Src/stm32f1xx_ll_usb.o
                0x080045ec                USB_EPStartXfer
 .text.USB_EPSetStall
                0x08005d4e       0xa0 ./Drivers/STM32F1xx_HAL_Driver/Src/stm32f1xx_ll_usb.o
                0x08005d4e                USB_EPSetStall
 .text.USB_EPClearStall
                0x08005dee      0x15a ./Drivers/STM32F1xx_HAL_Driver/Src/stm32f1xx_ll_usb.o
                0x08005dee                USB_EPClearStall
 .text.USB_SetDevAddress
                0x08005f48       0x26 ./Drivers/STM32F1xx_HAL_Driver/Src/stm32f1xx_ll_usb.o
                0x08005f48                USB_SetDevAddress
 .text.USB_DevConnect
                0x08005f6e       0x14 ./Drivers/STM32F1xx_HAL_Driver/Src/stm32f1xx_ll_usb.o
                0x08005f6e                USB_DevConnect
 .text.USB_DevDisconnect
                0x08005f82       0x14 ./Drivers/STM32F1xx_HAL_Driver/Src/stm32f1xx_ll_usb.o
                0x08005f82                USB_DevDisconnect
 .text.USB_ReadInterrupts
                0x08005f96       0x1e ./Drivers/STM32F1xx_HAL_Driver/Src/stm32f1xx_ll_usb.o
                0x08005f96                USB_ReadInterrupts
 .text.USB_EP0_OutStart
                0x08005fb4       0x16 ./Drivers/STM32F1xx_HAL_Driver/Src/stm32f1xx_ll_usb.o
                0x08005fb4                USB_EP0_OutStart
 .text.USB_WritePMA
                0x08005fca       0x8a ./Drivers/STM32F1xx_HAL_Driver/Src/stm32f1xx_ll_usb.o
                0x08005fca                USB_WritePMA
 .text.USB_ReadPMA
                0x08006054       0x9e ./Drivers/STM32F1xx_HAL_Driver/Src/stm32f1xx_ll_usb.o
                0x08006054                USB_ReadPMA
 .text.USBD_HID_Init
                0x080060f2       0x4e ./Middlewares/ST/STM32_USB_Device_Library/Class/HID/Src/usbd_hid.o
 .text.USBD_HID_DeInit
                0x08006140       0x42 ./Middlewares/ST/STM32_USB_Device_Library/Class/HID/Src/usbd_hid.o
 *fill*         0x08006182        0x2 
 .text.USBD_HID_Setup
                0x08006184      0x1fc ./Middlewares/ST/STM32_USB_Device_Library/Class/HID/Src/usbd_hid.o
 .text.USBD_HID_SendReport
                0x08006380       0x44 ./Middlewares/ST/STM32_USB_Device_Library/Class/HID/Src/usbd_hid.o
                0x08006380                USBD_HID_SendReport
 .text.USBD_HID_GetFSCfgDesc
                0x080063c4       0x20 ./Middlewares/ST/STM32_USB_Device_Library/Class/HID/Src/usbd_hid.o
 .text.USBD_HID_GetHSCfgDesc
                0x080063e4       0x20 ./Middlewares/ST/STM32_USB_Device_Library/Class/HID/Src/usbd_hid.o
 .text.USBD_HID_GetOtherSpeedCfgDesc
                0x08006404       0x20 ./Middlewares/ST/STM32_USB_Device_Library/Class/HID/Src/usbd_hid.o
 .text.USBD_HID_DataIn
                0x08006424       0x22 ./Middlewares/ST/STM32_USB_Device_Library/Class/HID/Src/usbd_hid.o
 *fill*         0x08006446        0x2 
 .text.USBD_HID_GetDeviceQualifierDesc
                0x08006448       0x20 ./Middlewares/ST/STM32_USB_Device_Library/Class/HID/Src/usbd_hid.o
 .text.USBD_Init
                0x08006468       0x56 ./Middlewares/ST/STM32_USB_Device_Library/Core/Src/usbd_core.o
                0x08006468                USBD_Init
 .text.USBD_RegisterClass
                0x080064be       0x32 ./Middlewares/ST/STM32_USB_Device_Library/Core/Src/usbd_core.o
                0x080064be                USBD_RegisterClass
 .text.USBD_Start
                0x080064f0       0x18 ./Middlewares/ST/STM32_USB_Device_Library/Core/Src/usbd_core.o
                0x080064f0                USBD_Start
 .text.USBD_RunTestMode
                0x08006508       0x14 ./Middlewares/ST/STM32_USB_Device_Library/Core/Src/usbd_core.o
                0x08006508                USBD_RunTestMode
 .text.USBD_SetClassConfig
                0x0800651c       0x3e ./Middlewares/ST/STM32_USB_Device_Library/Core/Src/usbd_core.o
                0x0800651c                USBD_SetClassConfig
 .text.USBD_ClrClassConfig
                0x0800655a       0x26 ./Middlewares/ST/STM32_USB_Device_Library/Core/Src/usbd_core.o
                0x0800655a                USBD_ClrClassConfig
 .text.USBD_LL_SetupStage
                0x08006580       0x9a ./Middlewares/ST/STM32_USB_Device_Library/Core/Src/usbd_core.o
                0x08006580                USBD_LL_SetupStage
 .text.USBD_LL_DataOutStage
                0x0800661a       0xe2 ./Middlewares/ST/STM32_USB_Device_Library/Core/Src/usbd_core.o
                0x0800661a                USBD_LL_DataOutStage
 .text.USBD_LL_DataInStage
                0x080066fc      0x14a ./Middlewares/ST/STM32_USB_Device_Library/Core/Src/usbd_core.o
                0x080066fc                USBD_LL_DataInStage
 .text.USBD_LL_Reset
                0x08006846       0x82 ./Middlewares/ST/STM32_USB_Device_Library/Core/Src/usbd_core.o
                0x08006846                USBD_LL_Reset
 .text.USBD_LL_SetSpeed
                0x080068c8       0x1e ./Middlewares/ST/STM32_USB_Device_Library/Core/Src/usbd_core.o
                0x080068c8                USBD_LL_SetSpeed
 .text.USBD_LL_Suspend
                0x080068e6       0x28 ./Middlewares/ST/STM32_USB_Device_Library/Core/Src/usbd_core.o
                0x080068e6                USBD_LL_Suspend
 .text.USBD_LL_Resume
                0x0800690e       0x2a ./Middlewares/ST/STM32_USB_Device_Library/Core/Src/usbd_core.o
                0x0800690e                USBD_LL_Resume
 .text.USBD_LL_SOF
                0x08006938       0x34 ./Middlewares/ST/STM32_USB_Device_Library/Core/Src/usbd_core.o
                0x08006938                USBD_LL_SOF
 .text.USBD_StdDevReq
                0x0800696c       0xd4 ./Middlewares/ST/STM32_USB_Device_Library/Core/Src/usbd_ctlreq.o
                0x0800696c                USBD_StdDevReq
 .text.USBD_StdItfReq
                0x08006a40       0x90 ./Middlewares/ST/STM32_USB_Device_Library/Core/Src/usbd_ctlreq.o
                0x08006a40                USBD_StdItfReq
 .text.USBD_StdEPReq
                0x08006ad0      0x2c6 ./Middlewares/ST/STM32_USB_Device_Library/Core/Src/usbd_ctlreq.o
                0x08006ad0                USBD_StdEPReq
 *fill*         0x08006d96        0x2 
 .text.USBD_GetDescriptor
                0x08006d98      0x2d0 ./Middlewares/ST/STM32_USB_Device_Library/Core/Src/usbd_ctlreq.o
 .text.USBD_SetAddress
                0x08007068       0x86 ./Middlewares/ST/STM32_USB_Device_Library/Core/Src/usbd_ctlreq.o
 *fill*         0x080070ee        0x2 
 .text.USBD_SetConfig
                0x080070f0      0x11c ./Middlewares/ST/STM32_USB_Device_Library/Core/Src/usbd_ctlreq.o
 .text.USBD_GetConfig
                0x0800720c       0x6a ./Middlewares/ST/STM32_USB_Device_Library/Core/Src/usbd_ctlreq.o
 .text.USBD_GetStatus
                0x08007276       0x66 ./Middlewares/ST/STM32_USB_Device_Library/Core/Src/usbd_ctlreq.o
 .text.USBD_SetFeature
                0x080072dc       0x28 ./Middlewares/ST/STM32_USB_Device_Library/Core/Src/usbd_ctlreq.o
 .text.USBD_ClrFeature
                0x08007304       0x42 ./Middlewares/ST/STM32_USB_Device_Library/Core/Src/usbd_ctlreq.o
 .text.USBD_ParseSetupRequest
                0x08007346       0x72 ./Middlewares/ST/STM32_USB_Device_Library/Core/Src/usbd_ctlreq.o
                0x08007346                USBD_ParseSetupRequest
 .text.USBD_CtlError
                0x080073b8       0x22 ./Middlewares/ST/STM32_USB_Device_Library/Core/Src/usbd_ctlreq.o
                0x080073b8                USBD_CtlError
 .text.USBD_GetString
                0x080073da       0x84 ./Middlewares/ST/STM32_USB_Device_Library/Core/Src/usbd_ctlreq.o
                0x080073da                USBD_GetString
 .text.USBD_GetLen
                0x0800745e       0x2e ./Middlewares/ST/STM32_USB_Device_Library/Core/Src/usbd_ctlreq.o
 .text.USBD_CtlSendData
                0x0800748c       0x38 ./Middlewares/ST/STM32_USB_Device_Library/Core/Src/usbd_ioreq.o
                0x0800748c                USBD_CtlSendData
 .text.USBD_CtlContinueSendData
                0x080074c4       0x24 ./Middlewares/ST/STM32_USB_Device_Library/Core/Src/usbd_ioreq.o
                0x080074c4                USBD_CtlContinueSendData
 .text.USBD_CtlContinueRx
                0x080074e8       0x24 ./Middlewares/ST/STM32_USB_Device_Library/Core/Src/usbd_ioreq.o
                0x080074e8                USBD_CtlContinueRx
 .text.USBD_CtlSendStatus
                0x0800750c       0x26 ./Middlewares/ST/STM32_USB_Device_Library/Core/Src/usbd_ioreq.o
                0x0800750c                USBD_CtlSendStatus
 .text.USBD_CtlReceiveStatus
                0x08007532       0x26 ./Middlewares/ST/STM32_USB_Device_Library/Core/Src/usbd_ioreq.o
                0x08007532                USBD_CtlReceiveStatus
 .text.MX_USB_DEVICE_Init
                0x08007558       0x4c ./USB_DEVICE/App/usb_device.o
                0x08007558                MX_USB_DEVICE_Init
 .text.USBD_FS_DeviceDescriptor
                0x080075a4       0x24 ./USB_DEVICE/App/usbd_desc.o
                0x080075a4                USBD_FS_DeviceDescriptor
 .text.USBD_FS_LangIDStrDescriptor
                0x080075c8       0x24 ./USB_DEVICE/App/usbd_desc.o
                0x080075c8                USBD_FS_LangIDStrDescriptor
 .text.USBD_FS_ProductStrDescriptor
                0x080075ec       0x3c ./USB_DEVICE/App/usbd_desc.o
                0x080075ec                USBD_FS_ProductStrDescriptor
 .text.USBD_FS_ManufacturerStrDescriptor
                0x08007628       0x28 ./USB_DEVICE/App/usbd_desc.o
                0x08007628                USBD_FS_ManufacturerStrDescriptor
 .text.USBD_FS_SerialStrDescriptor
                0x08007650       0x24 ./USB_DEVICE/App/usbd_desc.o
                0x08007650                USBD_FS_SerialStrDescriptor
 .text.USBD_FS_ConfigStrDescriptor
                0x08007674       0x3c ./USB_DEVICE/App/usbd_desc.o
                0x08007674                USBD_FS_ConfigStrDescriptor
 .text.USBD_FS_InterfaceStrDescriptor
                0x080076b0       0x3c ./USB_DEVICE/App/usbd_desc.o
                0x080076b0                USBD_FS_InterfaceStrDescriptor
 .text.Get_SerialNum
                0x080076ec       0x58 ./USB_DEVICE/App/usbd_desc.o
 .text.IntToUnicode
                0x08007744       0x7c ./USB_DEVICE/App/usbd_desc.o
 .text.HAL_PCD_MspInit
                0x080077c0       0x4c ./USB_DEVICE/Target/usbd_conf.o
                0x080077c0                HAL_PCD_MspInit
 .text.HAL_PCD_SetupStageCallback
                0x0800780c       0x24 ./USB_DEVICE/Target/usbd_conf.o
                0x0800780c                HAL_PCD_SetupStageCallback
 .text.HAL_PCD_DataOutStageCallback
                0x08007830       0x36 ./USB_DEVICE/Target/usbd_conf.o
                0x08007830                HAL_PCD_DataOutStageCallback
 .text.HAL_PCD_DataInStageCallback
                0x08007866       0x34 ./USB_DEVICE/Target/usbd_conf.o
                0x08007866                HAL_PCD_DataInStageCallback
 .text.HAL_PCD_SOFCallback
                0x0800789a       0x1c ./USB_DEVICE/Target/usbd_conf.o
                0x0800789a                HAL_PCD_SOFCallback
 .text.HAL_PCD_ResetCallback
                0x080078b6       0x3c ./USB_DEVICE/Target/usbd_conf.o
                0x080078b6                HAL_PCD_ResetCallback
 *fill*         0x080078f2        0x2 
 .text.HAL_PCD_SuspendCallback
                0x080078f4       0x34 ./USB_DEVICE/Target/usbd_conf.o
                0x080078f4                HAL_PCD_SuspendCallback
 .text.HAL_PCD_ResumeCallback
                0x08007928       0x1c ./USB_DEVICE/Target/usbd_conf.o
                0x08007928                HAL_PCD_ResumeCallback
 .text.USBD_LL_Init
                0x08007944       0x90 ./USB_DEVICE/Target/usbd_conf.o
                0x08007944                USBD_LL_Init
 .text.USBD_LL_Start
                0x080079d4       0x36 ./USB_DEVICE/Target/usbd_conf.o
                0x080079d4                USBD_LL_Start
 .text.USBD_LL_OpenEP
                0x08007a0a       0x4c ./USB_DEVICE/Target/usbd_conf.o
                0x08007a0a                USBD_LL_OpenEP
 .text.USBD_LL_CloseEP
                0x08007a56       0x3e ./USB_DEVICE/Target/usbd_conf.o
                0x08007a56                USBD_LL_CloseEP
 .text.USBD_LL_StallEP
                0x08007a94       0x3e ./USB_DEVICE/Target/usbd_conf.o
                0x08007a94                USBD_LL_StallEP
 .text.USBD_LL_ClearStallEP
                0x08007ad2       0x3e ./USB_DEVICE/Target/usbd_conf.o
                0x08007ad2                USBD_LL_ClearStallEP
 .text.USBD_LL_IsStallEP
                0x08007b10       0x58 ./USB_DEVICE/Target/usbd_conf.o
                0x08007b10                USBD_LL_IsStallEP
 .text.USBD_LL_SetUSBAddress
                0x08007b68       0x3e ./USB_DEVICE/Target/usbd_conf.o
                0x08007b68                USBD_LL_SetUSBAddress
 .text.USBD_LL_Transmit
                0x08007ba6       0x46 ./USB_DEVICE/Target/usbd_conf.o
                0x08007ba6                USBD_LL_Transmit
 .text.USBD_LL_PrepareReceive
                0x08007bec       0x46 ./USB_DEVICE/Target/usbd_conf.o
                0x08007bec                USBD_LL_PrepareReceive
 *fill*         0x08007c32        0x2 
 .text.USBD_static_malloc
                0x08007c34       0x18 ./USB_DEVICE/Target/usbd_conf.o
                0x08007c34                USBD_static_malloc
 .text.USBD_static_free
                0x08007c4c       0x12 ./USB_DEVICE/Target/usbd_conf.o
                0x08007c4c                USBD_static_free
 .text.HAL_PCDEx_SetConnectionState
                0x08007c5e       0x16 ./USB_DEVICE/Target/usbd_conf.o
                0x08007c5e                HAL_PCDEx_SetConnectionState
 .text.USBD_Get_USB_Status
                0x08007c74       0x58 ./USB_DEVICE/Target/usbd_conf.o
 .text.memset   0x08007ccc       0x10 /opt/st/stm32cubeide_1.15.1/plugins/com.st.stm32cube.ide.mcu.externaltools.gnu-tools-for-stm32.12.3.rel1.linux64_1.0.100.202403111256/tools/bin/../lib/gcc/arm-none-eabi/12.3.1/../../../../arm-none-eabi/lib/thumb/v7-m/nofp/libc_nano.a(libc_a-memset.o)
                0x08007ccc                memset
 .text.__libc_init_array
                0x08007cdc       0x48 /opt/st/stm32cubeide_1.15.1/plugins/com.st.stm32cube.ide.mcu.externaltools.gnu-tools-for-stm32.12.3.rel1.linux64_1.0.100.202403111256/tools/bin/../lib/gcc/arm-none-eabi/12.3.1/../../../../arm-none-eabi/lib/thumb/v7-m/nofp/libc_nano.a(libc_a-init.o)
                0x08007cdc                __libc_init_array
 *(.glue_7)
 .glue_7        0x08007d24        0x0 linker stubs
 *(.glue_7t)
 .glue_7t       0x08007d24        0x0 linker stubs
 *(.eh_frame)
 .eh_frame      0x08007d24        0x0 /opt/st/stm32cubeide_1.15.1/plugins/com.st.stm32cube.ide.mcu.externaltools.gnu-tools-for-stm32.12.3.rel1.linux64_1.0.100.202403111256/tools/bin/../lib/gcc/arm-none-eabi/12.3.1/thumb/v7-m/nofp/crtbegin.o
 *(.init)
 .init          0x08007d24        0x4 /opt/st/stm32cubeide_1.15.1/plugins/com.st.stm32cube.ide.mcu.externaltools.gnu-tools-for-stm32.12.3.rel1.linux64_1.0.100.202403111256/tools/bin/../lib/gcc/arm-none-eabi/12.3.1/thumb/v7-m/nofp/crti.o
                0x08007d24                _init
 .init          0x08007d28        0x8 /opt/st/stm32cubeide_1.15.1/plugins/com.st.stm32cube.ide.mcu.externaltools.gnu-tools-for-stm32.12.3.rel1.linux64_1.0.100.202403111256/tools/bin/../lib/gcc/arm-none-eabi/12.3.1/thumb/v7-m/nofp/crtn.o
 *(.fini)
 .fini          0x08007d30        0x4 /opt/st/stm32cubeide_1.15.1/plugins/com.st.stm32cube.ide.mcu.externaltools.gnu-tools-for-stm32.12.3.rel1.linux64_1.0.100.202403111256/tools/bin/../lib/gcc/arm-none-eabi/12.3.1/thumb/v7-m/nofp/crti.o
                0x08007d30                _fini
 .fini          0x08007d34        0x8 /opt/st/stm32cubeide_1.15.1/plugins/com.st.stm32cube.ide.mcu.externaltools.gnu-tools-for-stm32.12.3.rel1.linux64_1.0.100.202403111256/tools/bin/../lib/gcc/arm-none-eabi/12.3.1/thumb/v7-m/nofp/crtn.o
                0x08007d3c                        . = ALIGN (0x4)
                0x08007d3c                        _etext = .

.vfp11_veneer   0x08007d3c        0x0
 .vfp11_veneer  0x08007d3c        0x0 linker stubs

.v4_bx          0x08007d3c        0x0
 .v4_bx         0x08007d3c        0x0 linker stubs

.iplt           0x08007d3c        0x0
 .iplt          0x08007d3c        0x0 /opt/st/stm32cubeide_1.15.1/plugins/com.st.stm32cube.ide.mcu.externaltools.gnu-tools-for-stm32.12.3.rel1.linux64_1.0.100.202403111256/tools/bin/../lib/gcc/arm-none-eabi/12.3.1/thumb/v7-m/nofp/crtbegin.o

.rodata         0x08007d3c       0x5c
                0x08007d3c                        . = ALIGN (0x4)
 *(.rodata)
 .rodata        0x08007d3c       0x36 ./USB_DEVICE/App/usbd_desc.o
 *(.rodata*)
 *fill*         0x08007d72        0x2 
 .rodata.AHBPrescTable
                0x08007d74       0x10 ./Core/Src/system_stm32f1xx.o
                0x08007d74                AHBPrescTable
 .rodata.aPLLMULFactorTable.1
                0x08007d84       0x10 ./Drivers/STM32F1xx_HAL_Driver/Src/stm32f1xx_hal_rcc.o
 .rodata.aPredivFactorTable.0
                0x08007d94        0x2 ./Drivers/STM32F1xx_HAL_Driver/Src/stm32f1xx_hal_rcc.o
                0x08007d98                        . = ALIGN (0x4)
 *fill*         0x08007d96        0x2 

.ARM.extab      0x08007d98        0x0
                0x08007d98                        . = ALIGN (0x4)
 *(.ARM.extab* .gnu.linkonce.armextab.*)
                0x08007d98                        . = ALIGN (0x4)

.ARM            0x08007d98        0x0
                0x08007d98                        . = ALIGN (0x4)
                0x08007d98                        __exidx_start = .
 *(.ARM.exidx*)
                0x08007d98                        __exidx_end = .
                0x08007d98                        . = ALIGN (0x4)

.preinit_array  0x08007d98        0x0
                0x08007d98                        . = ALIGN (0x4)
                0x08007d98                        PROVIDE (__preinit_array_start = .)
 *(.preinit_array*)
                0x08007d98                        PROVIDE (__preinit_array_end = .)
                0x08007d98                        . = ALIGN (0x4)

.init_array     0x08007d98        0x4
                0x08007d98                        . = ALIGN (0x4)
                0x08007d98                        PROVIDE (__init_array_start = .)
 *(SORT_BY_NAME(.init_array.*))
 *(.init_array*)
 .init_array    0x08007d98        0x4 /opt/st/stm32cubeide_1.15.1/plugins/com.st.stm32cube.ide.mcu.externaltools.gnu-tools-for-stm32.12.3.rel1.linux64_1.0.100.202403111256/tools/bin/../lib/gcc/arm-none-eabi/12.3.1/thumb/v7-m/nofp/crtbegin.o
                0x08007d9c                        PROVIDE (__init_array_end = .)
                0x08007d9c                        . = ALIGN (0x4)

.fini_array     0x08007d9c        0x4
                0x08007d9c                        . = ALIGN (0x4)
                [!provide]                        PROVIDE (__fini_array_start = .)
 *(SORT_BY_NAME(.fini_array.*))
 *(.fini_array*)
 .fini_array    0x08007d9c        0x4 /opt/st/stm32cubeide_1.15.1/plugins/com.st.stm32cube.ide.mcu.externaltools.gnu-tools-for-stm32.12.3.rel1.linux64_1.0.100.202403111256/tools/bin/../lib/gcc/arm-none-eabi/12.3.1/thumb/v7-m/nofp/crtbegin.o
                [!provide]                        PROVIDE (__fini_array_end = .)
                0x08007da0                        . = ALIGN (0x4)
                0x08007da0                        _sidata = LOADADDR (.data)

.rel.dyn        0x08007da0        0x0
 .rel.iplt      0x08007da0        0x0 /opt/st/stm32cubeide_1.15.1/plugins/com.st.stm32cube.ide.mcu.externaltools.gnu-tools-for-stm32.12.3.rel1.linux64_1.0.100.202403111256/tools/bin/../lib/gcc/arm-none-eabi/12.3.1/thumb/v7-m/nofp/crtbegin.o

.data           0x20000000      0x158 load address 0x08007da0
                0x20000000                        . = ALIGN (0x4)
                0x20000000                        _sdata = .
 *(.data)
 *(.data*)
 .data.SystemCoreClock
                0x20000000        0x4 ./Core/Src/system_stm32f1xx.o
                0x20000000                SystemCoreClock
 .data.uwTickPrio
                0x20000004        0x4 ./Drivers/STM32F1xx_HAL_Driver/Src/stm32f1xx_hal.o
                0x20000004                uwTickPrio
 .data.uwTickFreq
                0x20000008        0x1 ./Drivers/STM32F1xx_HAL_Driver/Src/stm32f1xx_hal.o
                0x20000008                uwTickFreq
 *fill*         0x20000009        0x3 
 .data.USBD_HID
                0x2000000c       0x38 ./Middlewares/ST/STM32_USB_Device_Library/Class/HID/Src/usbd_hid.o
                0x2000000c                USBD_HID
 .data.USBD_HID_CfgFSDesc
                0x20000044       0x22 ./Middlewares/ST/STM32_USB_Device_Library/Class/HID/Src/usbd_hid.o
 *fill*         0x20000066        0x2 
 .data.USBD_HID_CfgHSDesc
                0x20000068       0x22 ./Middlewares/ST/STM32_USB_Device_Library/Class/HID/Src/usbd_hid.o
 *fill*         0x2000008a        0x2 
 .data.USBD_HID_OtherSpeedCfgDesc
                0x2000008c       0x22 ./Middlewares/ST/STM32_USB_Device_Library/Class/HID/Src/usbd_hid.o
 *fill*         0x200000ae        0x2 
 .data.USBD_HID_Desc
                0x200000b0        0x9 ./Middlewares/ST/STM32_USB_Device_Library/Class/HID/Src/usbd_hid.o
 *fill*         0x200000b9        0x3 
 .data.USBD_HID_DeviceQualifierDesc
                0x200000bc        0xa ./Middlewares/ST/STM32_USB_Device_Library/Class/HID/Src/usbd_hid.o
 *fill*         0x200000c6        0x2 
 .data.HID_MOUSE_ReportDesc
                0x200000c8       0x3f ./Middlewares/ST/STM32_USB_Device_Library/Class/HID/Src/usbd_hid.o
 *fill*         0x20000107        0x1 
 .data.FS_Desc  0x20000108       0x1c ./USB_DEVICE/App/usbd_desc.o
                0x20000108                FS_Desc
 .data.USBD_FS_DeviceDesc
                0x20000124       0x12 ./USB_DEVICE/App/usbd_desc.o
                0x20000124                USBD_FS_DeviceDesc
 *fill*         0x20000136        0x2 
 .data.USBD_LangIDDesc
                0x20000138        0x4 ./USB_DEVICE/App/usbd_desc.o
                0x20000138                USBD_LangIDDesc
 .data.USBD_StringSerial
                0x2000013c       0x1a ./USB_DEVICE/App/usbd_desc.o
                0x2000013c                USBD_StringSerial
 *(.RamFunc)
 *(.RamFunc*)
                0x20000158                        . = ALIGN (0x4)
 *fill*         0x20000156        0x2 
                0x20000158                        _edata = .

.igot.plt       0x20000158        0x0 load address 0x08007ef8
 .igot.plt      0x20000158        0x0 /opt/st/stm32cubeide_1.15.1/plugins/com.st.stm32cube.ide.mcu.externaltools.gnu-tools-for-stm32.12.3.rel1.linux64_1.0.100.202403111256/tools/bin/../lib/gcc/arm-none-eabi/12.3.1/thumb/v7-m/nofp/crtbegin.o
                0x20000158                        . = ALIGN (0x4)

.bss            0x20000158      0x7ec load address 0x08007ef8
                0x20000158                        _sbss = .
                0x20000158                        __bss_start__ = _sbss
 *(.bss)
 .bss           0x20000158       0x1c /opt/st/stm32cubeide_1.15.1/plugins/com.st.stm32cube.ide.mcu.externaltools.gnu-tools-for-stm32.12.3.rel1.linux64_1.0.100.202403111256/tools/bin/../lib/gcc/arm-none-eabi/12.3.1/thumb/v7-m/nofp/crtbegin.o
 *(.bss*)
 .bss.uwTick    0x20000174        0x4 ./Drivers/STM32F1xx_HAL_Driver/Src/stm32f1xx_hal.o
                0x20000174                uwTick
 .bss.cfgidx.0  0x20000178        0x1 ./Middlewares/ST/STM32_USB_Device_Library/Core/Src/usbd_ctlreq.o
 *fill*         0x20000179        0x3 
 .bss.hUsbDeviceFS
                0x2000017c      0x2c4 ./USB_DEVICE/App/usb_device.o
                0x2000017c                hUsbDeviceFS
 .bss.USBD_StrDesc
                0x20000440      0x200 ./USB_DEVICE/App/usbd_desc.o
                0x20000440                USBD_StrDesc
 .bss.hpcd_USB_FS
                0x20000640      0x2f0 ./USB_DEVICE/Target/usbd_conf.o
                0x20000640                hpcd_USB_FS
 .bss.mem.0     0x20000930       0x14 ./USB_DEVICE/Target/usbd_conf.o
 *(COMMON)
                0x20000944                        . = ALIGN (0x4)
                0x20000944                        _ebss = .
                0x20000944                        __bss_end__ = _ebss

._user_heap_stack
                0x20000944      0x604 load address 0x08007ef8
                0x20000948                        . = ALIGN (0x8)
 *fill*         0x20000944        0x4 
                [!provide]                        PROVIDE (end = .)
                0x20000948                        PROVIDE (_end = .)
                0x20000b48                        . = (. + _Min_Heap_Size)
 *fill*         0x20000948      0x200 
                0x20000f48                        . = (. + _Min_Stack_Size)
 *fill*         0x20000b48      0x400 
                0x20000f48                        . = ALIGN (0x8)

/DISCARD/
 libc.a(*)
 libm.a(*)
 libgcc.a(*)

.ARM.attributes
                0x00000000       0x29
 *(.ARM.attributes)
 .ARM.attributes
                0x00000000       0x1d /opt/st/stm32cubeide_1.15.1/plugins/com.st.stm32cube.ide.mcu.externaltools.gnu-tools-for-stm32.12.3.rel1.linux64_1.0.100.202403111256/tools/bin/../lib/gcc/arm-none-eabi/12.3.1/thumb/v7-m/nofp/crti.o
 .ARM.attributes
                0x0000001d       0x2d /opt/st/stm32cubeide_1.15.1/plugins/com.st.stm32cube.ide.mcu.externaltools.gnu-tools-for-stm32.12.3.rel1.linux64_1.0.100.202403111256/tools/bin/../lib/gcc/arm-none-eabi/12.3.1/thumb/v7-m/nofp/crtbegin.o
 .ARM.attributes
                0x0000004a       0x2d ./Core/Src/main.o
 .ARM.attributes
                0x00000077       0x2d ./Core/Src/stm32f1xx_hal_msp.o
 .ARM.attributes
                0x000000a4       0x2d ./Core/Src/stm32f1xx_it.o
 .ARM.attributes
                0x000000d1       0x2d ./Core/Src/system_stm32f1xx.o
 .ARM.attributes
                0x000000fe       0x21 ./Core/Startup/startup_stm32f103c8tx.o
 .ARM.attributes
                0x0000011f       0x2d ./Drivers/STM32F1xx_HAL_Driver/Src/stm32f1xx_hal.o
 .ARM.attributes
                0x0000014c       0x2d ./Drivers/STM32F1xx_HAL_Driver/Src/stm32f1xx_hal_cortex.o
 .ARM.attributes
                0x00000179       0x2d ./Drivers/STM32F1xx_HAL_Driver/Src/stm32f1xx_hal_gpio.o
 .ARM.attributes
                0x000001a6       0x2d ./Drivers/STM32F1xx_HAL_Driver/Src/stm32f1xx_hal_pcd.o
 .ARM.attributes
                0x000001d3       0x2d ./Drivers/STM32F1xx_HAL_Driver/Src/stm32f1xx_hal_pcd_ex.o
 .ARM.attributes
                0x00000200       0x2d ./Drivers/STM32F1xx_HAL_Driver/Src/stm32f1xx_hal_rcc.o
 .ARM.attributes
                0x0000022d       0x2d ./Drivers/STM32F1xx_HAL_Driver/Src/stm32f1xx_hal_rcc_ex.o
 .ARM.attributes
                0x0000025a       0x2d ./Drivers/STM32F1xx_HAL_Driver/Src/stm32f1xx_ll_usb.o
 .ARM.attributes
                0x00000287       0x2d ./Middlewares/ST/STM32_USB_Device_Library/Class/HID/Src/usbd_hid.o
 .ARM.attributes
                0x000002b4       0x2d ./Middlewares/ST/STM32_USB_Device_Library/Core/Src/usbd_core.o
 .ARM.attributes
                0x000002e1       0x2d ./Middlewares/ST/STM32_USB_Device_Library/Core/Src/usbd_ctlreq.o
 .ARM.attributes
                0x0000030e       0x2d ./Middlewares/ST/STM32_USB_Device_Library/Core/Src/usbd_ioreq.o
 .ARM.attributes
                0x0000033b       0x2d ./USB_DEVICE/App/usb_device.o
 .ARM.attributes
                0x00000368       0x2d ./USB_DEVICE/App/usbd_desc.o
 .ARM.attributes
                0x00000395       0x2d ./USB_DEVICE/Target/usbd_conf.o
 .ARM.attributes
                0x000003c2       0x2d /opt/st/stm32cubeide_1.15.1/plugins/com.st.stm32cube.ide.mcu.externaltools.gnu-tools-for-stm32.12.3.rel1.linux64_1.0.100.202403111256/tools/bin/../lib/gcc/arm-none-eabi/12.3.1/../../../../arm-none-eabi/lib/thumb/v7-m/nofp/libc_nano.a(libc_a-memset.o)
 .ARM.attributes
                0x000003ef       0x2d /opt/st/stm32cubeide_1.15.1/plugins/com.st.stm32cube.ide.mcu.externaltools.gnu-tools-for-stm32.12.3.rel1.linux64_1.0.100.202403111256/tools/bin/../lib/gcc/arm-none-eabi/12.3.1/../../../../arm-none-eabi/lib/thumb/v7-m/nofp/libc_nano.a(libc_a-init.o)
 .ARM.attributes
                0x0000041c       0x1d /opt/st/stm32cubeide_1.15.1/plugins/com.st.stm32cube.ide.mcu.externaltools.gnu-tools-for-stm32.12.3.rel1.linux64_1.0.100.202403111256/tools/bin/../lib/gcc/arm-none-eabi/12.3.1/thumb/v7-m/nofp/crtn.o
OUTPUT(HID_Keyboard.elf elf32-littlearm)
LOAD linker stubs
LOAD /opt/st/stm32cubeide_1.15.1/plugins/com.st.stm32cube.ide.mcu.externaltools.gnu-tools-for-stm32.12.3.rel1.linux64_1.0.100.202403111256/tools/bin/../lib/gcc/arm-none-eabi/12.3.1/../../../../arm-none-eabi/lib/thumb/v7-m/nofp/libc.a
LOAD /opt/st/stm32cubeide_1.15.1/plugins/com.st.stm32cube.ide.mcu.externaltools.gnu-tools-for-stm32.12.3.rel1.linux64_1.0.100.202403111256/tools/bin/../lib/gcc/arm-none-eabi/12.3.1/../../../../arm-none-eabi/lib/thumb/v7-m/nofp/libm.a
LOAD /opt/st/stm32cubeide_1.15.1/plugins/com.st.stm32cube.ide.mcu.externaltools.gnu-tools-for-stm32.12.3.rel1.linux64_1.0.100.202403111256/tools/bin/../lib/gcc/arm-none-eabi/12.3.1/thumb/v7-m/nofp/libgcc.a

.debug_info     0x00000000     0xb1a1
 .debug_info    0x00000000      0xa77 ./Core/Src/main.o
 .debug_info    0x00000a77      0x1f1 ./Core/Src/stm32f1xx_hal_msp.o
 .debug_info    0x00000c68      0x5f5 ./Core/Src/stm32f1xx_it.o
 .debug_info    0x0000125d      0x222 ./Core/Src/system_stm32f1xx.o
 .debug_info    0x0000147f       0x30 ./Core/Startup/startup_stm32f103c8tx.o
 .debug_info    0x000014af      0x704 ./Drivers/STM32F1xx_HAL_Driver/Src/stm32f1xx_hal.o
 .debug_info    0x00001bb3      0xa87 ./Drivers/STM32F1xx_HAL_Driver/Src/stm32f1xx_hal_cortex.o
 .debug_info    0x0000263a      0x5ab ./Drivers/STM32F1xx_HAL_Driver/Src/stm32f1xx_hal_gpio.o
 .debug_info    0x00002be5     0x16cf ./Drivers/STM32F1xx_HAL_Driver/Src/stm32f1xx_hal_pcd.o
 .debug_info    0x000042b4      0x6b6 ./Drivers/STM32F1xx_HAL_Driver/Src/stm32f1xx_hal_pcd_ex.o
 .debug_info    0x0000496a      0x7d5 ./Drivers/STM32F1xx_HAL_Driver/Src/stm32f1xx_hal_rcc.o
 .debug_info    0x0000513f      0x3c0 ./Drivers/STM32F1xx_HAL_Driver/Src/stm32f1xx_hal_rcc_ex.o
 .debug_info    0x000054ff     0x17a2 ./Drivers/STM32F1xx_HAL_Driver/Src/stm32f1xx_ll_usb.o
 .debug_info    0x00006ca1      0x927 ./Middlewares/ST/STM32_USB_Device_Library/Class/HID/Src/usbd_hid.o
 .debug_info    0x000075c8      0xa52 ./Middlewares/ST/STM32_USB_Device_Library/Core/Src/usbd_core.o
 .debug_info    0x0000801a      0x91c ./Middlewares/ST/STM32_USB_Device_Library/Core/Src/usbd_ctlreq.o
 .debug_info    0x00008936      0x6a0 ./Middlewares/ST/STM32_USB_Device_Library/Core/Src/usbd_ioreq.o
 .debug_info    0x00008fd6      0x53a ./USB_DEVICE/App/usb_device.o
 .debug_info    0x00009510      0x44a ./USB_DEVICE/App/usbd_desc.o
 .debug_info    0x0000995a     0x1847 ./USB_DEVICE/Target/usbd_conf.o

.debug_abbrev   0x00000000     0x2709
 .debug_abbrev  0x00000000      0x2af ./Core/Src/main.o
 .debug_abbrev  0x000002af       0xdb ./Core/Src/stm32f1xx_hal_msp.o
 .debug_abbrev  0x0000038a      0x192 ./Core/Src/stm32f1xx_it.o
 .debug_abbrev  0x0000051c      0x13f ./Core/Src/system_stm32f1xx.o
 .debug_abbrev  0x0000065b       0x24 ./Core/Startup/startup_stm32f103c8tx.o
 .debug_abbrev  0x0000067f      0x201 ./Drivers/STM32F1xx_HAL_Driver/Src/stm32f1xx_hal.o
 .debug_abbrev  0x00000880      0x2f8 ./Drivers/STM32F1xx_HAL_Driver/Src/stm32f1xx_hal_cortex.o
 .debug_abbrev  0x00000b78      0x1ca ./Drivers/STM32F1xx_HAL_Driver/Src/stm32f1xx_hal_gpio.o
 .debug_abbrev  0x00000d42      0x2d6 ./Drivers/STM32F1xx_HAL_Driver/Src/stm32f1xx_hal_pcd.o
 .debug_abbrev  0x00001018      0x189 ./Drivers/STM32F1xx_HAL_Driver/Src/stm32f1xx_hal_pcd_ex.o
 .debug_abbrev  0x000011a1      0x2b3 ./Drivers/STM32F1xx_HAL_Driver/Src/stm32f1xx_hal_rcc.o
 .debug_abbrev  0x00001454      0x188 ./Drivers/STM32F1xx_HAL_Driver/Src/stm32f1xx_hal_rcc_ex.o
 .debug_abbrev  0x000015dc      0x1de ./Drivers/STM32F1xx_HAL_Driver/Src/stm32f1xx_ll_usb.o
 .debug_abbrev  0x000017ba      0x26b ./Middlewares/ST/STM32_USB_Device_Library/Class/HID/Src/usbd_hid.o
 .debug_abbrev  0x00001a25      0x24a ./Middlewares/ST/STM32_USB_Device_Library/Core/Src/usbd_core.o
 .debug_abbrev  0x00001c6f      0x26b ./Middlewares/ST/STM32_USB_Device_Library/Core/Src/usbd_ctlreq.o
 .debug_abbrev  0x00001eda      0x192 ./Middlewares/ST/STM32_USB_Device_Library/Core/Src/usbd_ioreq.o
 .debug_abbrev  0x0000206c      0x188 ./USB_DEVICE/App/usb_device.o
 .debug_abbrev  0x000021f4      0x1ff ./USB_DEVICE/App/usbd_desc.o
 .debug_abbrev  0x000023f3      0x316 ./USB_DEVICE/Target/usbd_conf.o

.debug_aranges  0x00000000      0xa08
 .debug_aranges
                0x00000000       0x38 ./Core/Src/main.o
 .debug_aranges
                0x00000038       0x20 ./Core/Src/stm32f1xx_hal_msp.o
 .debug_aranges
                0x00000058       0x68 ./Core/Src/stm32f1xx_it.o
 .debug_aranges
                0x000000c0       0x28 ./Core/Src/system_stm32f1xx.o
 .debug_aranges
                0x000000e8       0x28 ./Core/Startup/startup_stm32f103c8tx.o
 .debug_aranges
                0x00000110       0xe0 ./Drivers/STM32F1xx_HAL_Driver/Src/stm32f1xx_hal.o
 .debug_aranges
                0x000001f0      0x100 ./Drivers/STM32F1xx_HAL_Driver/Src/stm32f1xx_hal_cortex.o
 .debug_aranges
                0x000002f0       0x58 ./Drivers/STM32F1xx_HAL_Driver/Src/stm32f1xx_hal_gpio.o
 .debug_aranges
                0x00000348      0x140 ./Drivers/STM32F1xx_HAL_Driver/Src/stm32f1xx_hal_pcd.o
 .debug_aranges
                0x00000488       0x38 ./Drivers/STM32F1xx_HAL_Driver/Src/stm32f1xx_hal_pcd_ex.o
 .debug_aranges
                0x000004c0       0x90 ./Drivers/STM32F1xx_HAL_Driver/Src/stm32f1xx_hal_rcc.o
 .debug_aranges
                0x00000550       0x30 ./Drivers/STM32F1xx_HAL_Driver/Src/stm32f1xx_hal_rcc_ex.o
 .debug_aranges
                0x00000580       0xf8 ./Drivers/STM32F1xx_HAL_Driver/Src/stm32f1xx_ll_usb.o
 .debug_aranges
                0x00000678       0x68 ./Middlewares/ST/STM32_USB_Device_Library/Class/HID/Src/usbd_hid.o
 .debug_aranges
                0x000006e0       0xb8 ./Middlewares/ST/STM32_USB_Device_Library/Core/Src/usbd_core.o
 .debug_aranges
                0x00000798       0x88 ./Middlewares/ST/STM32_USB_Device_Library/Core/Src/usbd_ctlreq.o
 .debug_aranges
                0x00000820       0x50 ./Middlewares/ST/STM32_USB_Device_Library/Core/Src/usbd_ioreq.o
 .debug_aranges
                0x00000870       0x20 ./USB_DEVICE/App/usb_device.o
 .debug_aranges
                0x00000890       0x60 ./USB_DEVICE/App/usbd_desc.o
 .debug_aranges
                0x000008f0      0x118 ./USB_DEVICE/Target/usbd_conf.o

.debug_rnglists
                0x00000000      0x74e
 .debug_rnglists
                0x00000000       0x28 ./Core/Src/main.o
 .debug_rnglists
                0x00000028       0x13 ./Core/Src/stm32f1xx_hal_msp.o
 .debug_rnglists
                0x0000003b       0x49 ./Core/Src/stm32f1xx_it.o
 .debug_rnglists
                0x00000084       0x1a ./Core/Src/system_stm32f1xx.o
 .debug_rnglists
                0x0000009e       0x19 ./Core/Startup/startup_stm32f103c8tx.o
 .debug_rnglists
                0x000000b7       0xa3 ./Drivers/STM32F1xx_HAL_Driver/Src/stm32f1xx_hal.o
 .debug_rnglists
                0x0000015a       0xbb ./Drivers/STM32F1xx_HAL_Driver/Src/stm32f1xx_hal_cortex.o
 .debug_rnglists
                0x00000215       0x3f ./Drivers/STM32F1xx_HAL_Driver/Src/stm32f1xx_hal_gpio.o
 .debug_rnglists
                0x00000254       0xf4 ./Drivers/STM32F1xx_HAL_Driver/Src/stm32f1xx_hal_pcd.o
 .debug_rnglists
                0x00000348       0x26 ./Drivers/STM32F1xx_HAL_Driver/Src/stm32f1xx_hal_pcd_ex.o
 .debug_rnglists
                0x0000036e       0x6c ./Drivers/STM32F1xx_HAL_Driver/Src/stm32f1xx_hal_rcc.o
 .debug_rnglists
                0x000003da       0x21 ./Drivers/STM32F1xx_HAL_Driver/Src/stm32f1xx_hal_rcc_ex.o
 .debug_rnglists
                0x000003fb       0xbd ./Drivers/STM32F1xx_HAL_Driver/Src/stm32f1xx_ll_usb.o
 .debug_rnglists
                0x000004b8       0x4a ./Middlewares/ST/STM32_USB_Device_Library/Class/HID/Src/usbd_hid.o
 .debug_rnglists
                0x00000502       0x89 ./Middlewares/ST/STM32_USB_Device_Library/Core/Src/usbd_core.o
 .debug_rnglists
                0x0000058b       0x68 ./Middlewares/ST/STM32_USB_Device_Library/Core/Src/usbd_ctlreq.o
 .debug_rnglists
                0x000005f3       0x37 ./Middlewares/ST/STM32_USB_Device_Library/Core/Src/usbd_ioreq.o
 .debug_rnglists
                0x0000062a       0x13 ./USB_DEVICE/App/usb_device.o
 .debug_rnglists
                0x0000063d       0x43 ./USB_DEVICE/App/usbd_desc.o
 .debug_rnglists
                0x00000680       0xce ./USB_DEVICE/Target/usbd_conf.o

.debug_macro    0x00000000    0x18e34
 .debug_macro   0x00000000      0x356 ./Core/Src/main.o
 .debug_macro   0x00000356      0xaa8 ./Core/Src/main.o
 .debug_macro   0x00000dfe      0x215 ./Core/Src/main.o
 .debug_macro   0x00001013       0x2e ./Core/Src/main.o
 .debug_macro   0x00001041       0x22 ./Core/Src/main.o
 .debug_macro   0x00001063       0x22 ./Core/Src/main.o
 .debug_macro   0x00001085       0x8e ./Core/Src/main.o
 .debug_macro   0x00001113       0x51 ./Core/Src/main.o
 .debug_macro   0x00001164      0x103 ./Core/Src/main.o
 .debug_macro   0x00001267       0x6a ./Core/Src/main.o
 .debug_macro   0x000012d1      0x1df ./Core/Src/main.o
 .debug_macro   0x000014b0       0x1c ./Core/Src/main.o
 .debug_macro   0x000014cc       0x22 ./Core/Src/main.o
 .debug_macro   0x000014ee       0xbd ./Core/Src/main.o
 .debug_macro   0x000015ab      0xd23 ./Core/Src/main.o
 .debug_macro   0x000022ce     0xe09e ./Core/Src/main.o
 .debug_macro   0x0001036c       0x6d ./Core/Src/main.o
 .debug_macro   0x000103d9     0x348d ./Core/Src/main.o
 .debug_macro   0x00013866      0x189 ./Core/Src/main.o
 .debug_macro   0x000139ef       0x5c ./Core/Src/main.o
 .debug_macro   0x00013a4b      0x5bc ./Core/Src/main.o
 .debug_macro   0x00014007      0x289 ./Core/Src/main.o
 .debug_macro   0x00014290      0x1cb ./Core/Src/main.o
 .debug_macro   0x0001445b      0x114 ./Core/Src/main.o
 .debug_macro   0x0001456f      0x1b2 ./Core/Src/main.o
 .debug_macro   0x00014721       0x27 ./Core/Src/main.o
 .debug_macro   0x00014748      0x136 ./Core/Src/main.o
 .debug_macro   0x0001487e      0x1bc ./Core/Src/main.o
 .debug_macro   0x00014a3a       0x34 ./Core/Src/main.o
 .debug_macro   0x00014a6e       0x3c ./Core/Src/main.o
 .debug_macro   0x00014aaa       0x57 ./Core/Src/main.o
 .debug_macro   0x00014b01       0x87 ./Core/Src/main.o
 .debug_macro   0x00014b88      0x240 ./Core/Src/main.o
 .debug_macro   0x00014dc8      0x140 ./Core/Src/main.o
 .debug_macro   0x00014f08       0xab ./Core/Src/main.o
 .debug_macro   0x00014fb3      0x242 ./Core/Src/main.o
 .debug_macro   0x000151f5       0x83 ./Core/Src/main.o
 .debug_macro   0x00015278       0xac ./Core/Src/main.o
 .debug_macro   0x00015324       0x61 ./Core/Src/main.o
 .debug_macro   0x00015385       0x24 ./Core/Src/main.o
 .debug_macro   0x000153a9       0x43 ./Core/Src/main.o
 .debug_macro   0x000153ec       0x34 ./Core/Src/main.o
 .debug_macro   0x00015420       0x16 ./Core/Src/main.o
 .debug_macro   0x00015436       0x35 ./Core/Src/main.o
 .debug_macro   0x0001546b      0x369 ./Core/Src/main.o
 .debug_macro   0x000157d4       0x10 ./Core/Src/main.o
 .debug_macro   0x000157e4       0x16 ./Core/Src/main.o
 .debug_macro   0x000157fa       0x43 ./Core/Src/main.o
 .debug_macro   0x0001583d       0x34 ./Core/Src/main.o
 .debug_macro   0x00015871       0x10 ./Core/Src/main.o
 .debug_macro   0x00015881       0x58 ./Core/Src/main.o
 .debug_macro   0x000158d9       0x8e ./Core/Src/main.o
 .debug_macro   0x00015967       0x1c ./Core/Src/main.o
 .debug_macro   0x00015983      0x177 ./Core/Src/main.o
 .debug_macro   0x00015afa       0x16 ./Core/Src/main.o
 .debug_macro   0x00015b10       0x16 ./Core/Src/main.o
 .debug_macro   0x00015b26      0x146 ./Core/Src/main.o
 .debug_macro   0x00015c6c       0x16 ./Core/Src/main.o
 .debug_macro   0x00015c82       0x16 ./Core/Src/main.o
 .debug_macro   0x00015c98       0x29 ./Core/Src/main.o
 .debug_macro   0x00015cc1       0x16 ./Core/Src/main.o
 .debug_macro   0x00015cd7       0x20 ./Core/Src/main.o
 .debug_macro   0x00015cf7       0x5f ./Core/Src/main.o
 .debug_macro   0x00015d56      0x1c8 ./Core/Src/main.o
 .debug_macro   0x00015f1e       0x5e ./Core/Src/main.o
 .debug_macro   0x00015f7c      0x1b7 ./Core/Src/stm32f1xx_hal_msp.o
 .debug_macro   0x00016133      0x1c1 ./Core/Src/stm32f1xx_it.o
 .debug_macro   0x000162f4      0x1a8 ./Core/Src/system_stm32f1xx.o
 .debug_macro   0x0001649c      0x1cc ./Drivers/STM32F1xx_HAL_Driver/Src/stm32f1xx_hal.o
 .debug_macro   0x00016668      0x1a8 ./Drivers/STM32F1xx_HAL_Driver/Src/stm32f1xx_hal_cortex.o
 .debug_macro   0x00016810      0x213 ./Drivers/STM32F1xx_HAL_Driver/Src/stm32f1xx_hal_gpio.o
 .debug_macro   0x00016a23      0x1b4 ./Drivers/STM32F1xx_HAL_Driver/Src/stm32f1xx_hal_pcd.o
 .debug_macro   0x00016bd7      0x1a8 ./Drivers/STM32F1xx_HAL_Driver/Src/stm32f1xx_hal_pcd_ex.o
 .debug_macro   0x00016d7f      0x1ba ./Drivers/STM32F1xx_HAL_Driver/Src/stm32f1xx_hal_rcc.o
 .debug_macro   0x00016f39      0x1a8 ./Drivers/STM32F1xx_HAL_Driver/Src/stm32f1xx_hal_rcc_ex.o
 .debug_macro   0x000170e1      0x1a8 ./Drivers/STM32F1xx_HAL_Driver/Src/stm32f1xx_ll_usb.o
 .debug_macro   0x00017289      0x346 ./Middlewares/ST/STM32_USB_Device_Library/Class/HID/Src/usbd_hid.o
 .debug_macro   0x000175cf       0x9e ./Middlewares/ST/STM32_USB_Device_Library/Class/HID/Src/usbd_hid.o
 .debug_macro   0x0001766d      0x10b ./Middlewares/ST/STM32_USB_Device_Library/Class/HID/Src/usbd_hid.o
 .debug_macro   0x00017778       0x56 ./Middlewares/ST/STM32_USB_Device_Library/Class/HID/Src/usbd_hid.o
 .debug_macro   0x000177ce      0x32d ./Middlewares/ST/STM32_USB_Device_Library/Core/Src/usbd_core.o
 .debug_macro   0x00017afb      0x1ce ./Middlewares/ST/STM32_USB_Device_Library/Core/Src/usbd_core.o
 .debug_macro   0x00017cc9      0x337 ./Middlewares/ST/STM32_USB_Device_Library/Core/Src/usbd_ctlreq.o
 .debug_macro   0x00018000      0x333 ./Middlewares/ST/STM32_USB_Device_Library/Core/Src/usbd_ioreq.o
 .debug_macro   0x00018333      0x35d ./USB_DEVICE/App/usb_device.o
 .debug_macro   0x00018690       0xb2 ./USB_DEVICE/App/usb_device.o
 .debug_macro   0x00018742       0x22 ./USB_DEVICE/App/usb_device.o
 .debug_macro   0x00018764      0x36a ./USB_DEVICE/App/usbd_desc.o
 .debug_macro   0x00018ace       0x1c ./USB_DEVICE/App/usbd_desc.o
 .debug_macro   0x00018aea      0x34a ./USB_DEVICE/Target/usbd_conf.o

.debug_line     0x00000000     0xcebe
 .debug_line    0x00000000      0xe0c ./Core/Src/main.o
 .debug_line    0x00000e0c      0x648 ./Core/Src/stm32f1xx_hal_msp.o
 .debug_line    0x00001454      0x722 ./Core/Src/stm32f1xx_it.o
 .debug_line    0x00001b76      0x6c6 ./Core/Src/system_stm32f1xx.o
 .debug_line    0x0000223c       0x78 ./Core/Startup/startup_stm32f103c8tx.o
 .debug_line    0x000022b4      0x8f3 ./Drivers/STM32F1xx_HAL_Driver/Src/stm32f1xx_hal.o
 .debug_line    0x00002ba7      0xadf ./Drivers/STM32F1xx_HAL_Driver/Src/stm32f1xx_hal_cortex.o
 .debug_line    0x00003686      0x98c ./Drivers/STM32F1xx_HAL_Driver/Src/stm32f1xx_hal_gpio.o
 .debug_line    0x00004012     0x134e ./Drivers/STM32F1xx_HAL_Driver/Src/stm32f1xx_hal_pcd.o
 .debug_line    0x00005360      0x6c1 ./Drivers/STM32F1xx_HAL_Driver/Src/stm32f1xx_hal_pcd_ex.o
 .debug_line    0x00005a21      0xcfc ./Drivers/STM32F1xx_HAL_Driver/Src/stm32f1xx_hal_rcc.o
 .debug_line    0x0000671d      0x83d ./Drivers/STM32F1xx_HAL_Driver/Src/stm32f1xx_hal_rcc_ex.o
 .debug_line    0x00006f5a      0xfc4 ./Drivers/STM32F1xx_HAL_Driver/Src/stm32f1xx_ll_usb.o
 .debug_line    0x00007f1e      0xaf4 ./Middlewares/ST/STM32_USB_Device_Library/Class/HID/Src/usbd_hid.o
 .debug_line    0x00008a12      0xcb7 ./Middlewares/ST/STM32_USB_Device_Library/Core/Src/usbd_core.o
 .debug_line    0x000096c9      0xef7 ./Middlewares/ST/STM32_USB_Device_Library/Core/Src/usbd_ctlreq.o
 .debug_line    0x0000a5c0      0x94d ./Middlewares/ST/STM32_USB_Device_Library/Core/Src/usbd_ioreq.o
 .debug_line    0x0000af0d      0x8f2 ./USB_DEVICE/App/usb_device.o
 .debug_line    0x0000b7ff      0x9d6 ./USB_DEVICE/App/usbd_desc.o
 .debug_line    0x0000c1d5      0xce9 ./USB_DEVICE/Target/usbd_conf.o

.debug_str      0x00000000    0x844e4
 .debug_str     0x00000000    0x81f0e ./Core/Src/main.o
                              0x82318 (size before relaxing)
 .debug_str     0x00081f0e       0x5a ./Core/Src/stm32f1xx_hal_msp.o
                              0x7d872 (size before relaxing)
 .debug_str     0x00081f68      0x3f8 ./Core/Src/stm32f1xx_it.o
                              0x7dc46 (size before relaxing)
 .debug_str     0x00082360       0x7e ./Core/Src/system_stm32f1xx.o
                              0x7d693 (size before relaxing)
 .debug_str     0x000823de       0x44 ./Core/Startup/startup_stm32f103c8tx.o
                                 0x82 (size before relaxing)
 .debug_str     0x00082422      0x607 ./Drivers/STM32F1xx_HAL_Driver/Src/stm32f1xx_hal.o
                              0x7ddc6 (size before relaxing)
 .debug_str     0x00082a29      0x293 ./Drivers/STM32F1xx_HAL_Driver/Src/stm32f1xx_hal_cortex.o
                              0x7dd12 (size before relaxing)
 .debug_str     0x00082cbc      0x2e5 ./Drivers/STM32F1xx_HAL_Driver/Src/stm32f1xx_hal_gpio.o
                              0x7da19 (size before relaxing)
 .debug_str     0x00082fa1      0x5bd ./Drivers/STM32F1xx_HAL_Driver/Src/stm32f1xx_hal_pcd.o
                              0x7dfa5 (size before relaxing)
 .debug_str     0x0008355e      0x170 ./Drivers/STM32F1xx_HAL_Driver/Src/stm32f1xx_hal_pcd_ex.o
                              0x7db07 (size before relaxing)
 .debug_str     0x000836ce      0x229 ./Drivers/STM32F1xx_HAL_Driver/Src/stm32f1xx_hal_rcc.o
                              0x7dac2 (size before relaxing)
 .debug_str     0x000838f7       0x9f ./Drivers/STM32F1xx_HAL_Driver/Src/stm32f1xx_hal_rcc_ex.o
                              0x7d812 (size before relaxing)
 .debug_str     0x00083996      0x129 ./Drivers/STM32F1xx_HAL_Driver/Src/stm32f1xx_ll_usb.o
                              0x7db59 (size before relaxing)
 .debug_str     0x00083abf      0x298 ./Middlewares/ST/STM32_USB_Device_Library/Class/HID/Src/usbd_hid.o
                              0x821f6 (size before relaxing)
 .debug_str     0x00083d57      0x298 ./Middlewares/ST/STM32_USB_Device_Library/Core/Src/usbd_core.o
                              0x82091 (size before relaxing)
 .debug_str     0x00083fef      0x11b ./Middlewares/ST/STM32_USB_Device_Library/Core/Src/usbd_ctlreq.o
                              0x81fab (size before relaxing)
 .debug_str     0x0008410a       0x79 ./Middlewares/ST/STM32_USB_Device_Library/Core/Src/usbd_ioreq.o
                              0x81ed8 (size before relaxing)
 .debug_str     0x00084183       0xa2 ./USB_DEVICE/App/usb_device.o
                              0x8204d (size before relaxing)
 .debug_str     0x00084225      0x247 ./USB_DEVICE/App/usbd_desc.o
                              0x81e03 (size before relaxing)
 .debug_str     0x0008446c       0x78 ./USB_DEVICE/Target/usbd_conf.o
                              0x82b80 (size before relaxing)

.comment        0x00000000       0x43
 .comment       0x00000000       0x43 ./Core/Src/main.o
                                 0x44 (size before relaxing)
 .comment       0x00000043       0x44 ./Core/Src/stm32f1xx_hal_msp.o
 .comment       0x00000043       0x44 ./Core/Src/stm32f1xx_it.o
 .comment       0x00000043       0x44 ./Core/Src/system_stm32f1xx.o
 .comment       0x00000043       0x44 ./Drivers/STM32F1xx_HAL_Driver/Src/stm32f1xx_hal.o
 .comment       0x00000043       0x44 ./Drivers/STM32F1xx_HAL_Driver/Src/stm32f1xx_hal_cortex.o
 .comment       0x00000043       0x44 ./Drivers/STM32F1xx_HAL_Driver/Src/stm32f1xx_hal_gpio.o
 .comment       0x00000043       0x44 ./Drivers/STM32F1xx_HAL_Driver/Src/stm32f1xx_hal_pcd.o
 .comment       0x00000043       0x44 ./Drivers/STM32F1xx_HAL_Driver/Src/stm32f1xx_hal_pcd_ex.o
 .comment       0x00000043       0x44 ./Drivers/STM32F1xx_HAL_Driver/Src/stm32f1xx_hal_rcc.o
 .comment       0x00000043       0x44 ./Drivers/STM32F1xx_HAL_Driver/Src/stm32f1xx_hal_rcc_ex.o
 .comment       0x00000043       0x44 ./Drivers/STM32F1xx_HAL_Driver/Src/stm32f1xx_ll_usb.o
 .comment       0x00000043       0x44 ./Middlewares/ST/STM32_USB_Device_Library/Class/HID/Src/usbd_hid.o
 .comment       0x00000043       0x44 ./Middlewares/ST/STM32_USB_Device_Library/Core/Src/usbd_core.o
 .comment       0x00000043       0x44 ./Middlewares/ST/STM32_USB_Device_Library/Core/Src/usbd_ctlreq.o
 .comment       0x00000043       0x44 ./Middlewares/ST/STM32_USB_Device_Library/Core/Src/usbd_ioreq.o
 .comment       0x00000043       0x44 ./USB_DEVICE/App/usb_device.o
 .comment       0x00000043       0x44 ./USB_DEVICE/App/usbd_desc.o
 .comment       0x00000043       0x44 ./USB_DEVICE/Target/usbd_conf.o

.debug_frame    0x00000000     0x2674
 .debug_frame   0x00000000       0x90 ./Core/Src/main.o
 .debug_frame   0x00000090       0x38 ./Core/Src/stm32f1xx_hal_msp.o
 .debug_frame   0x000000c8      0x120 ./Core/Src/stm32f1xx_it.o
 .debug_frame   0x000001e8       0x58 ./Core/Src/system_stm32f1xx.o
 .debug_frame   0x00000240      0x334 ./Drivers/STM32F1xx_HAL_Driver/Src/stm32f1xx_hal.o
 .debug_frame   0x00000574      0x428 ./Drivers/STM32F1xx_HAL_Driver/Src/stm32f1xx_hal_cortex.o
 .debug_frame   0x0000099c      0x14c ./Drivers/STM32F1xx_HAL_Driver/Src/stm32f1xx_hal_gpio.o
 .debug_frame   0x00000ae8      0x59c ./Drivers/STM32F1xx_HAL_Driver/Src/stm32f1xx_hal_pcd.o
 .debug_frame   0x00001084       0xb0 ./Drivers/STM32F1xx_HAL_Driver/Src/stm32f1xx_hal_pcd_ex.o
 .debug_frame   0x00001134      0x218 ./Drivers/STM32F1xx_HAL_Driver/Src/stm32f1xx_hal_rcc.o
 .debug_frame   0x0000134c       0x80 ./Drivers/STM32F1xx_HAL_Driver/Src/stm32f1xx_hal_rcc_ex.o
 .debug_frame   0x000013cc      0x478 ./Drivers/STM32F1xx_HAL_Driver/Src/stm32f1xx_ll_usb.o
 .debug_frame   0x00001844      0x190 ./Middlewares/ST/STM32_USB_Device_Library/Class/HID/Src/usbd_hid.o
 .debug_frame   0x000019d4      0x300 ./Middlewares/ST/STM32_USB_Device_Library/Core/Src/usbd_core.o
 .debug_frame   0x00001cd4      0x218 ./Middlewares/ST/STM32_USB_Device_Library/Core/Src/usbd_ctlreq.o
 .debug_frame   0x00001eec      0x10c ./Middlewares/ST/STM32_USB_Device_Library/Core/Src/usbd_ioreq.o
 .debug_frame   0x00001ff8       0x2c ./USB_DEVICE/App/usb_device.o
 .debug_frame   0x00002024      0x160 ./USB_DEVICE/App/usbd_desc.o
 .debug_frame   0x00002184      0x4a4 ./USB_DEVICE/Target/usbd_conf.o
 .debug_frame   0x00002628       0x20 /opt/st/stm32cubeide_1.15.1/plugins/com.st.stm32cube.ide.mcu.externaltools.gnu-tools-for-stm32.12.3.rel1.linux64_1.0.100.202403111256/tools/bin/../lib/gcc/arm-none-eabi/12.3.1/../../../../arm-none-eabi/lib/thumb/v7-m/nofp/libc_nano.a(libc_a-memset.o)
 .debug_frame   0x00002648       0x2c /opt/st/stm32cubeide_1.15.1/plugins/com.st.stm32cube.ide.mcu.externaltools.gnu-tools-for-stm32.12.3.rel1.linux64_1.0.100.202403111256/tools/bin/../lib/gcc/arm-none-eabi/12.3.1/../../../../arm-none-eabi/lib/thumb/v7-m/nofp/libc_nano.a(libc_a-init.o)

.debug_line_str
                0x00000000       0x66
 .debug_line_str
                0x00000000       0x66 ./Core/Startup/startup_stm32f103c8tx.o
