06:35:17 **** Incremental Build of configuration Debug for project HID_Keyboard ****
make -j12 all 
arm-none-eabi-gcc "../Core/Src/main.c" -mcpu=cortex-m3 -std=gnu11 -g3 -DDEBUG -DUSE_HAL_DRIVER -DSTM32F103xB -c -I../USB_DEVICE/App -I../USB_DEVICE/Target -I../Core/Inc -I../Drivers/STM32F1xx_HAL_Driver/Inc -I../Drivers/STM32F1xx_HAL_Driver/Inc/Legacy -I../Middlewares/ST/STM32_USB_Device_Library/Core/Inc -I../Middlewares/ST/STM32_USB_Device_Library/Class/HID/Inc -I../Drivers/CMSIS/Device/ST/STM32F1xx/Include -I../Drivers/CMSIS/Include -O0 -ffunction-sections -fdata-sections -Wall -fstack-usage -fcyclomatic-complexity -MMD -MP -MF"Core/Src/main.d" -MT"Core/Src/main.o" --specs=nano.specs -mfloat-abi=soft -mthumb -o "Core/Src/main.o"
../Core/Src/main.c: In function 'main':
../Core/Src/main.c:234:51: warning: passing argument 2 of 'USBD_HID_SendReport' from incompatible pointer type [-Wincompatible-pointer-types]
  234 |                 USBD_HID_SendReport(&hUsbDeviceFS,&HIDKeyboard,sizeof(HIDKeyboard));
      |                                                   ^~~~~~~~~~~~
      |                                                   |
      |                                                   keyboardReportsDes *
In file included from ../Core/Src/main.c:25:
../Middlewares/ST/STM32_USB_Device_Library/Class/HID/Inc/usbd_hid.h:122:38: note: expected 'uint8_t *' {aka 'unsigned char *'} but argument is of type 'keyboardReportsDes *'
  122 |                             uint8_t *report,
      |                             ~~~~~~~~~^~~~~~
arm-none-eabi-gcc -o "HID_Keyboard.elf" @"objects.list"   -mcpu=cortex-m3 -T"/home/martin/STM32CubeIDE/workspace_1.15.1/HID_Keyboard/STM32F103C8TX_FLASH.ld" --specs=nosys.specs -Wl,-Map="HID_Keyboard.map" -Wl,--gc-sections -static --specs=nano.specs -mfloat-abi=soft -mthumb -Wl,--start-group -lc -lm -Wl,--end-group
Finished building target: HID_Keyboard.elf
 
arm-none-eabi-size  HID_Keyboard.elf 
arm-none-eabi-objdump -h -S HID_Keyboard.elf  > "HID_Keyboard.list"
   text	   data	    bss	    dec	    hex	filename
  30188	    344	   3568	  34100	   8534	HID_Keyboard.elf
Finished building: default.size.stdout
 
Finished building: HID_Keyboard.list
 
arm-none-eabi-objcopy -O ihex HID_Keyboard.elf /home/martin/HID_Keyboard.hex
 

06:35:18 Build Finished. 0 errors, 1 warnings. (took 488ms)

